2025-06-09 11:34:42,348 - SmartDailyReport - INFO - 尝试连接MySQL数据库...
2025-06-09 11:34:42,444 - SmartDailyReport - INFO - ✅ MySQL数据库连接成功
2025-06-09 11:34:42,444 - MarketClassifier - INFO - 初始化市场环境分类器
2025-06-09 11:34:42,444 - StrategySelector - INFO - 初始化动态策略选择器
2025-06-09 11:34:42,444 - MarketClassifier - INFO - 初始化市场环境分类器
2025-06-09 11:34:42,445 - StrategySelector - INFO - 策略表现历史文件不存在，将创建新文件
2025-06-09 11:34:42,445 - StrategySelector - INFO - 动态策略选择器初始化完成，已加载 5 个可用策略
2025-06-09 11:34:42,446 - SignalEvaluator - INFO - 初始化信号质量评估器
2025-06-09 11:34:42,446 - SignalEvaluator - INFO - 配置参数: {'quality_threshold': 0.6, 'weights': {'technical_consistency': 0.25, 'environment_fit': 0.2, 'timeframe_confirmation': 0.2, 'volume_support': 0.15, 'risk_reward': 0.2}, 'min_consistent_indicators': 3, 'indicator_groups': {'trend': ['sma_crossover', 'macd', 'adx', 'supertrend'], 'momentum': ['rsi', 'stochastic', 'cci', 'mfi'], 'volatility': ['bollinger_bands', 'atr', 'keltner_channels'], 'support_resistance': ['pivot_points', 'fibonacci', 'price_channels']}, 'timeframes': ['daily', 'weekly', '4h', '1h'], 'timeframe_weights': {'daily': 0.4, 'weekly': 0.3, '4h': 0.2, '1h': 0.1}, 'min_reward_risk_ratio': 2.0, 'optimal_reward_risk_ratio': 3.0, 'enable_volume_filter': True, 'volume_threshold': 1.5, 'adaptive_threshold': True, 'market_regime_thresholds': {<MarketEnvironment.STRONG_UPTREND: '强势上升趋势'>: 0.55, <MarketEnvironment.WEAK_UPTREND: '弱势上升趋势'>: 0.6, <MarketEnvironment.STRONG_DOWNTREND: '强势下降趋势'>: 0.65, <MarketEnvironment.WEAK_DOWNTREND: '弱势下降趋势'>: 0.65, <MarketEnvironment.RANGE_BOUND: '区间震荡'>: 0.7, <MarketEnvironment.CHOPPY: '混沌无序'>: 0.75, <MarketEnvironment.UNKNOWN: '未知状态'>: 0.7}}
2025-06-09 11:34:42,447 - AlertSystem - INFO - 初始化高级提醒系统
2025-06-09 11:34:42,448 - MarketClassifier - INFO - 初始化市场环境分类器
2025-06-09 11:34:42,448 - StrategySelector - INFO - 初始化动态策略选择器
2025-06-09 11:34:42,448 - MarketClassifier - INFO - 初始化市场环境分类器
2025-06-09 11:34:42,449 - StrategySelector - INFO - 策略表现历史文件不存在，将创建新文件
2025-06-09 11:34:42,449 - StrategySelector - INFO - 动态策略选择器初始化完成，已加载 5 个可用策略
2025-06-09 11:34:42,449 - SignalEvaluator - INFO - 初始化信号质量评估器
2025-06-09 11:34:42,449 - SignalEvaluator - INFO - 配置参数: {'quality_threshold': 0.6, 'weights': {'technical_consistency': 0.25, 'environment_fit': 0.2, 'timeframe_confirmation': 0.2, 'volume_support': 0.15, 'risk_reward': 0.2}, 'min_consistent_indicators': 3, 'indicator_groups': {'trend': ['sma_crossover', 'macd', 'adx', 'supertrend'], 'momentum': ['rsi', 'stochastic', 'cci', 'mfi'], 'volatility': ['bollinger_bands', 'atr', 'keltner_channels'], 'support_resistance': ['pivot_points', 'fibonacci', 'price_channels']}, 'timeframes': ['daily', 'weekly', '4h', '1h'], 'timeframe_weights': {'daily': 0.4, 'weekly': 0.3, '4h': 0.2, '1h': 0.1}, 'min_reward_risk_ratio': 2.0, 'optimal_reward_risk_ratio': 3.0, 'enable_volume_filter': True, 'volume_threshold': 1.5, 'adaptive_threshold': True, 'market_regime_thresholds': {<MarketEnvironment.STRONG_UPTREND: '强势上升趋势'>: 0.55, <MarketEnvironment.WEAK_UPTREND: '弱势上升趋势'>: 0.6, <MarketEnvironment.STRONG_DOWNTREND: '强势下降趋势'>: 0.65, <MarketEnvironment.WEAK_DOWNTREND: '弱势下降趋势'>: 0.65, <MarketEnvironment.RANGE_BOUND: '区间震荡'>: 0.7, <MarketEnvironment.CHOPPY: '混沌无序'>: 0.75, <MarketEnvironment.UNKNOWN: '未知状态'>: 0.7}}
2025-06-09 11:34:42,452 - AlertSystem - INFO - 高级提醒系统配置: {'min_quality_score': 0.6, 'enable_notification_manager': True, 'risk_management_alerts': True, 'max_alerts_per_day': 10, 'alert_cooldown_minutes': 60, 'signal_quality_thresholds': {<AlertLevel.CRITICAL: '紧急'>: 0.85, <AlertLevel.HIGH: '重要'>: 0.75, <AlertLevel.MEDIUM: '一般'>: 0.65, <AlertLevel.LOW: '提示'>: 0.0}}
2025-06-09 11:34:42,453 - SmartDailyReport - INFO - 成功设置字体: SimHei
2025-06-09 11:34:42,454 - SmartDailyReport - INFO - 智能日报生成器初始化完成，关注 7 只股票，数据源: MySQL数据库
2025-06-09 11:36:23,163 - SmartDailyReport - INFO - 尝试连接MySQL数据库...
2025-06-09 11:36:23,266 - SmartDailyReport - INFO - ✅ MySQL数据库连接成功
2025-06-09 11:36:23,266 - MarketClassifier - INFO - 初始化市场环境分类器
2025-06-09 11:36:23,267 - StrategySelector - INFO - 初始化动态策略选择器
2025-06-09 11:36:23,267 - MarketClassifier - INFO - 初始化市场环境分类器
2025-06-09 11:36:23,267 - StrategySelector - INFO - 策略表现历史文件不存在，将创建新文件
2025-06-09 11:36:23,268 - StrategySelector - INFO - 动态策略选择器初始化完成，已加载 5 个可用策略
2025-06-09 11:36:23,268 - SignalEvaluator - INFO - 初始化信号质量评估器
2025-06-09 11:36:23,268 - SignalEvaluator - INFO - 配置参数: {'quality_threshold': 0.6, 'weights': {'technical_consistency': 0.25, 'environment_fit': 0.2, 'timeframe_confirmation': 0.2, 'volume_support': 0.15, 'risk_reward': 0.2}, 'min_consistent_indicators': 3, 'indicator_groups': {'trend': ['sma_crossover', 'macd', 'adx', 'supertrend'], 'momentum': ['rsi', 'stochastic', 'cci', 'mfi'], 'volatility': ['bollinger_bands', 'atr', 'keltner_channels'], 'support_resistance': ['pivot_points', 'fibonacci', 'price_channels']}, 'timeframes': ['daily', 'weekly', '4h', '1h'], 'timeframe_weights': {'daily': 0.4, 'weekly': 0.3, '4h': 0.2, '1h': 0.1}, 'min_reward_risk_ratio': 2.0, 'optimal_reward_risk_ratio': 3.0, 'enable_volume_filter': True, 'volume_threshold': 1.5, 'adaptive_threshold': True, 'market_regime_thresholds': {<MarketEnvironment.STRONG_UPTREND: '强势上升趋势'>: 0.55, <MarketEnvironment.WEAK_UPTREND: '弱势上升趋势'>: 0.6, <MarketEnvironment.STRONG_DOWNTREND: '强势下降趋势'>: 0.65, <MarketEnvironment.WEAK_DOWNTREND: '弱势下降趋势'>: 0.65, <MarketEnvironment.RANGE_BOUND: '区间震荡'>: 0.7, <MarketEnvironment.CHOPPY: '混沌无序'>: 0.75, <MarketEnvironment.UNKNOWN: '未知状态'>: 0.7}}
2025-06-09 11:36:23,270 - AlertSystem - INFO - 初始化高级提醒系统
2025-06-09 11:36:23,270 - MarketClassifier - INFO - 初始化市场环境分类器
2025-06-09 11:36:23,270 - StrategySelector - INFO - 初始化动态策略选择器
2025-06-09 11:36:23,271 - MarketClassifier - INFO - 初始化市场环境分类器
2025-06-09 11:36:23,271 - StrategySelector - INFO - 策略表现历史文件不存在，将创建新文件
2025-06-09 11:36:23,272 - StrategySelector - INFO - 动态策略选择器初始化完成，已加载 5 个可用策略
2025-06-09 11:36:23,272 - SignalEvaluator - INFO - 初始化信号质量评估器
2025-06-09 11:36:23,273 - SignalEvaluator - INFO - 配置参数: {'quality_threshold': 0.6, 'weights': {'technical_consistency': 0.25, 'environment_fit': 0.2, 'timeframe_confirmation': 0.2, 'volume_support': 0.15, 'risk_reward': 0.2}, 'min_consistent_indicators': 3, 'indicator_groups': {'trend': ['sma_crossover', 'macd', 'adx', 'supertrend'], 'momentum': ['rsi', 'stochastic', 'cci', 'mfi'], 'volatility': ['bollinger_bands', 'atr', 'keltner_channels'], 'support_resistance': ['pivot_points', 'fibonacci', 'price_channels']}, 'timeframes': ['daily', 'weekly', '4h', '1h'], 'timeframe_weights': {'daily': 0.4, 'weekly': 0.3, '4h': 0.2, '1h': 0.1}, 'min_reward_risk_ratio': 2.0, 'optimal_reward_risk_ratio': 3.0, 'enable_volume_filter': True, 'volume_threshold': 1.5, 'adaptive_threshold': True, 'market_regime_thresholds': {<MarketEnvironment.STRONG_UPTREND: '强势上升趋势'>: 0.55, <MarketEnvironment.WEAK_UPTREND: '弱势上升趋势'>: 0.6, <MarketEnvironment.STRONG_DOWNTREND: '强势下降趋势'>: 0.65, <MarketEnvironment.WEAK_DOWNTREND: '弱势下降趋势'>: 0.65, <MarketEnvironment.RANGE_BOUND: '区间震荡'>: 0.7, <MarketEnvironment.CHOPPY: '混沌无序'>: 0.75, <MarketEnvironment.UNKNOWN: '未知状态'>: 0.7}}
2025-06-09 11:36:23,275 - AlertSystem - INFO - 高级提醒系统配置: {'min_quality_score': 0.6, 'enable_notification_manager': True, 'risk_management_alerts': True, 'max_alerts_per_day': 10, 'alert_cooldown_minutes': 60, 'signal_quality_thresholds': {<AlertLevel.CRITICAL: '紧急'>: 0.85, <AlertLevel.HIGH: '重要'>: 0.75, <AlertLevel.MEDIUM: '一般'>: 0.65, <AlertLevel.LOW: '提示'>: 0.0}}
2025-06-09 11:36:23,276 - SmartDailyReport - INFO - 成功设置字体: SimHei
2025-06-09 11:36:23,277 - SmartDailyReport - INFO - 智能日报生成器初始化完成，关注 7 只股票，数据源: MySQL数据库
2025-06-09 11:36:23,277 - SmartDailyReport - INFO - 开始生成智能日报...
2025-06-09 11:36:23,277 - SmartDailyReport - INFO - 开始更新市场数据...
2025-06-09 11:36:23,278 - data.data_updater - INFO - 开始增量更新 7 只股票的数据
2025-06-09 11:36:23,282 - data.data_updater - INFO - 处理股票 AMD，最后更新时间: 2025-06-06 00:00:00
2025-06-09 11:36:23,283 - data.data_updater - INFO - 股票 AMD 的数据已更新 3 天 11 小时前
2025-06-09 11:36:23,283 - data.data_updater - INFO - 股票 AMD 的最后更新日期为: 2025-06-06 00:00:00
2025-06-09 11:36:23,284 - data.data_updater - INFO - 将获取股票 AMD 从 2025-06-07 到 2025-06-09 的数据
2025-06-09 11:36:26,381 - data.data_updater - WARNING - 未获取到股票 AMD 的新数据
2025-06-09 11:36:26,385 - data.data_updater - INFO - 处理股票 GOOGL，最后更新时间: 2025-06-06 00:00:00
2025-06-09 11:36:26,385 - data.data_updater - INFO - 股票 GOOGL 的数据已更新 3 天 11 小时前
2025-06-09 11:36:26,386 - data.data_updater - INFO - 股票 GOOGL 的最后更新日期为: 2025-06-06 00:00:00
2025-06-09 11:36:26,386 - data.data_updater - INFO - 将获取股票 GOOGL 从 2025-06-07 到 2025-06-09 的数据
2025-06-09 11:36:32,306 - data.data_updater - WARNING - 未获取到股票 GOOGL 的新数据
2025-06-09 11:36:32,310 - data.data_updater - INFO - 处理股票 PFE，最后更新时间: 2025-06-06 00:00:00
2025-06-09 11:36:32,311 - data.data_updater - INFO - 股票 PFE 的数据已更新 3 天 11 小时前
2025-06-09 11:36:32,311 - data.data_updater - INFO - 股票 PFE 的最后更新日期为: 2025-06-06 00:00:00
2025-06-09 11:36:32,312 - data.data_updater - INFO - 将获取股票 PFE 从 2025-06-07 到 2025-06-09 的数据
2025-06-09 11:36:33,529 - data.data_updater - WARNING - 未获取到股票 PFE 的新数据
2025-06-09 11:36:33,532 - data.data_updater - INFO - 处理股票 NVDA，最后更新时间: 2025-06-06 00:00:00
2025-06-09 11:36:33,532 - data.data_updater - INFO - 股票 NVDA 的数据已更新 3 天 11 小时前
2025-06-09 11:36:33,533 - data.data_updater - INFO - 股票 NVDA 的最后更新日期为: 2025-06-06 00:00:00
2025-06-09 11:36:33,534 - data.data_updater - INFO - 将获取股票 NVDA 从 2025-06-07 到 2025-06-09 的数据
2025-06-09 11:36:35,144 - data.data_updater - WARNING - 未获取到股票 NVDA 的新数据
2025-06-09 11:36:35,148 - data.data_updater - INFO - 处理股票 TSLA，最后更新时间: 2025-06-06 00:00:00
2025-06-09 11:36:35,149 - data.data_updater - INFO - 股票 TSLA 的数据已更新 3 天 11 小时前
2025-06-09 11:36:35,149 - data.data_updater - INFO - 股票 TSLA 的最后更新日期为: 2025-06-06 00:00:00
2025-06-09 11:36:35,150 - data.data_updater - INFO - 将获取股票 TSLA 从 2025-06-07 到 2025-06-09 的数据
2025-06-09 11:36:35,339 - data.data_updater - WARNING - 未获取到股票 TSLA 的新数据
2025-06-09 11:36:35,339 - data.data_updater - INFO - 处理股票 ADBE，最后更新时间: 2025-06-06 00:00:00
2025-06-09 11:36:35,339 - data.data_updater - INFO - 股票 ADBE 的数据已更新 3 天 11 小时前
2025-06-09 11:36:35,339 - data.data_updater - INFO - 股票 ADBE 的最后更新日期为: 2025-06-06 00:00:00
2025-06-09 11:36:35,349 - data.data_updater - INFO - 将获取股票 ADBE 从 2025-06-07 到 2025-06-09 的数据
2025-06-09 11:36:35,542 - data.data_updater - WARNING - 未获取到股票 ADBE 的新数据
2025-06-09 11:36:35,544 - data.data_updater - INFO - 处理股票 MSFT，最后更新时间: 2025-06-06 00:00:00
2025-06-09 11:36:35,544 - data.data_updater - INFO - 股票 MSFT 的数据已更新 3 天 11 小时前
2025-06-09 11:36:35,544 - data.data_updater - INFO - 股票 MSFT 的最后更新日期为: 2025-06-06 00:00:00
2025-06-09 11:36:35,544 - data.data_updater - INFO - 将获取股票 MSFT 从 2025-06-07 到 2025-06-09 的数据
2025-06-09 11:36:35,812 - data.data_updater - WARNING - 未获取到股票 MSFT 的新数据
2025-06-09 11:36:35,813 - data.data_updater - INFO - 更新完成: 总计 7 只股票, 更新 0 只, 跳过 0 只, 失败 7 只, 共新增 0 条记录
2025-06-09 11:36:35,814 - SmartDailyReport - ERROR - 数据更新失败: 'success'
2025-06-09 11:36:35,815 - SmartDailyReport - INFO - 将使用现有数据生成报告
2025-06-09 11:36:35,815 - SmartDailyReport - INFO - 开始分析 AMD
2025-06-09 11:36:35,816 - SmartDailyReport - INFO - 获取 AMD 数据，时间范围: 2024-05-05 到 2025-06-09
2025-06-09 11:36:35,847 - SmartDailyReport - INFO - AMD 数据较新（3天前）
2025-06-09 11:36:35,860 - MarketClassifier - INFO - 开始对市场环境进行分类...
2025-06-09 11:36:36,113 - MarketClassifier - INFO - 环境分类完成: 强势上升趋势, 置信度: nan
2025-06-09 11:36:36,114 - StrategySelector - INFO - 开始选择最佳策略...
2025-06-09 11:36:36,114 - MarketClassifier - INFO - 开始对市场环境进行分类...
2025-06-09 11:36:36,372 - MarketClassifier - INFO - 环境分类完成: 强势上升趋势, 置信度: nan
2025-06-09 11:36:36,373 - StrategySelector - INFO - 当前市场环境: 强势上升趋势, 置信度: nan
2025-06-09 11:36:36,373 - StrategySelector - INFO - 适合当前环境的策略: ['trend_following', 'breakout', 'momentum']
2025-06-09 11:36:36,374 - StrategySelector - INFO - 评估策略在环境 强势上升趋势 中的历史表现
2025-06-09 11:36:36,374 - StrategySelector - INFO -   - trend_following: 样本数不足，使用默认分数=0.50
2025-06-09 11:36:36,375 - StrategySelector - INFO -   - breakout: 样本数不足，使用默认分数=0.50
2025-06-09 11:36:36,375 - StrategySelector - INFO -   - momentum: 样本数不足，使用默认分数=0.50
2025-06-09 11:36:36,375 - StrategySelector - INFO - 策略评分:
2025-06-09 11:36:36,376 - StrategySelector - INFO -   - trend_following: 0.50
2025-06-09 11:36:36,376 - StrategySelector - INFO -   - breakout: 0.50
2025-06-09 11:36:36,377 - StrategySelector - INFO -   - momentum: 0.50
2025-06-09 11:36:36,377 - StrategySelector - INFO - 计算策略最终权重
2025-06-09 11:36:36,378 - StrategySelector - INFO - 策略权重计算结果:
2025-06-09 11:36:36,378 - StrategySelector - INFO -   - trend_following: 0.33
2025-06-09 11:36:36,379 - StrategySelector - INFO -   - breakout: 0.33
2025-06-09 11:36:36,379 - StrategySelector - INFO -   - momentum: 0.33
2025-06-09 11:36:36,380 - StrategySelector - INFO - 选择的主策略: trend_following, 权重: 0.33
2025-06-09 11:36:36,380 - SignalEvaluator - INFO - 开始评估交易信号: 方向=1, 环境=强势上升趋势
2025-06-09 11:36:37,644 - SmartDailyReport - INFO - 已生成 AMD 图表: AMD_analysis_20250609.png
2025-06-09 11:36:37,644 - SmartDailyReport - INFO - AMD 分析完成 - 环境: 强势上升趋势, 信号质量: 0.56, 数据质量: 74分
2025-06-09 11:36:37,644 - SmartDailyReport - INFO - 开始分析 GOOGL
2025-06-09 11:36:37,644 - SmartDailyReport - INFO - 获取 GOOGL 数据，时间范围: 2024-05-05 到 2025-06-09
2025-06-09 11:36:37,674 - SmartDailyReport - INFO - GOOGL 数据较新（3天前）
2025-06-09 11:36:37,683 - MarketClassifier - INFO - 开始对市场环境进行分类...
2025-06-09 11:36:37,939 - MarketClassifier - INFO - 环境分类完成: 强势上升趋势, 置信度: nan
2025-06-09 11:36:37,939 - StrategySelector - INFO - 开始选择最佳策略...
2025-06-09 11:36:37,940 - MarketClassifier - INFO - 开始对市场环境进行分类...
2025-06-09 11:36:38,202 - MarketClassifier - INFO - 环境分类完成: 强势上升趋势, 置信度: nan
2025-06-09 11:36:38,203 - StrategySelector - INFO - 当前市场环境: 强势上升趋势, 置信度: nan
2025-06-09 11:36:38,203 - StrategySelector - INFO - 适合当前环境的策略: ['trend_following', 'breakout', 'momentum']
2025-06-09 11:36:38,204 - StrategySelector - INFO - 评估策略在环境 强势上升趋势 中的历史表现
2025-06-09 11:36:38,204 - StrategySelector - INFO -   - trend_following: 样本数不足，使用默认分数=0.50
2025-06-09 11:36:38,205 - StrategySelector - INFO -   - breakout: 样本数不足，使用默认分数=0.50
2025-06-09 11:36:38,205 - StrategySelector - INFO -   - momentum: 样本数不足，使用默认分数=0.50
2025-06-09 11:36:38,206 - StrategySelector - INFO - 策略评分:
2025-06-09 11:36:38,206 - StrategySelector - INFO -   - trend_following: 0.50
2025-06-09 11:36:38,207 - StrategySelector - INFO -   - breakout: 0.50
2025-06-09 11:36:38,207 - StrategySelector - INFO -   - momentum: 0.50
2025-06-09 11:36:38,208 - StrategySelector - INFO - 计算策略最终权重
2025-06-09 11:36:38,208 - StrategySelector - INFO - 策略权重计算结果:
2025-06-09 11:36:38,208 - StrategySelector - INFO -   - trend_following: 0.33
2025-06-09 11:36:38,209 - StrategySelector - INFO -   - breakout: 0.33
2025-06-09 11:36:38,209 - StrategySelector - INFO -   - momentum: 0.33
2025-06-09 11:36:38,210 - StrategySelector - INFO - 选择的主策略: trend_following, 权重: 0.33
2025-06-09 11:36:38,211 - SignalEvaluator - INFO - 开始评估交易信号: 方向=1, 环境=强势上升趋势
2025-06-09 11:36:39,290 - SmartDailyReport - INFO - 已生成 GOOGL 图表: GOOGL_analysis_20250609.png
2025-06-09 11:36:39,291 - SmartDailyReport - INFO - GOOGL 分析完成 - 环境: 强势上升趋势, 信号质量: 0.71, 数据质量: 74分
2025-06-09 11:36:39,292 - SmartDailyReport - INFO - 开始分析 PFE
2025-06-09 11:36:39,292 - SmartDailyReport - INFO - 获取 PFE 数据，时间范围: 2024-05-05 到 2025-06-09
2025-06-09 11:36:39,327 - SmartDailyReport - INFO - PFE 数据较新（3天前）
2025-06-09 11:36:39,350 - MarketClassifier - INFO - 开始对市场环境进行分类...
2025-06-09 11:36:39,632 - MarketClassifier - INFO - 环境分类完成: 强势上升趋势, 置信度: nan
2025-06-09 11:36:39,632 - StrategySelector - INFO - 开始选择最佳策略...
2025-06-09 11:36:39,632 - MarketClassifier - INFO - 开始对市场环境进行分类...
2025-06-09 11:36:39,886 - MarketClassifier - INFO - 环境分类完成: 强势上升趋势, 置信度: nan
2025-06-09 11:36:39,886 - StrategySelector - INFO - 当前市场环境: 强势上升趋势, 置信度: nan
2025-06-09 11:36:39,886 - StrategySelector - INFO - 适合当前环境的策略: ['trend_following', 'breakout', 'momentum']
2025-06-09 11:36:39,886 - StrategySelector - INFO - 评估策略在环境 强势上升趋势 中的历史表现
2025-06-09 11:36:39,886 - StrategySelector - INFO -   - trend_following: 样本数不足，使用默认分数=0.50
2025-06-09 11:36:39,886 - StrategySelector - INFO -   - breakout: 样本数不足，使用默认分数=0.50
2025-06-09 11:36:39,886 - StrategySelector - INFO -   - momentum: 样本数不足，使用默认分数=0.50
2025-06-09 11:36:39,886 - StrategySelector - INFO - 策略评分:
2025-06-09 11:36:39,886 - StrategySelector - INFO -   - trend_following: 0.50
2025-06-09 11:36:39,902 - StrategySelector - INFO -   - breakout: 0.50
2025-06-09 11:36:39,902 - StrategySelector - INFO -   - momentum: 0.50
2025-06-09 11:36:39,902 - StrategySelector - INFO - 计算策略最终权重
2025-06-09 11:36:39,902 - StrategySelector - INFO - 策略权重计算结果:
2025-06-09 11:36:39,904 - StrategySelector - INFO -   - trend_following: 0.33
2025-06-09 11:36:39,904 - StrategySelector - INFO -   - breakout: 0.33
2025-06-09 11:36:39,905 - StrategySelector - INFO -   - momentum: 0.33
2025-06-09 11:36:39,905 - StrategySelector - INFO - 选择的主策略: trend_following, 权重: 0.33
2025-06-09 11:36:39,908 - SignalEvaluator - INFO - 开始评估交易信号: 方向=1, 环境=强势上升趋势
2025-06-09 11:36:40,995 - SmartDailyReport - INFO - 已生成 PFE 图表: PFE_analysis_20250609.png
2025-06-09 11:36:40,996 - SmartDailyReport - INFO - PFE 分析完成 - 环境: 强势上升趋势, 信号质量: 0.70, 数据质量: 74分
2025-06-09 11:36:40,997 - SmartDailyReport - INFO - 开始分析 NVDA
2025-06-09 11:36:40,998 - SmartDailyReport - INFO - 获取 NVDA 数据，时间范围: 2024-05-05 到 2025-06-09
2025-06-09 11:36:41,014 - SmartDailyReport - INFO - NVDA 数据较新（3天前）
2025-06-09 11:36:41,036 - MarketClassifier - INFO - 开始对市场环境进行分类...
2025-06-09 11:36:41,282 - MarketClassifier - INFO - 环境分类完成: 强势上升趋势, 置信度: nan
2025-06-09 11:36:41,283 - StrategySelector - INFO - 开始选择最佳策略...
2025-06-09 11:36:41,284 - MarketClassifier - INFO - 开始对市场环境进行分类...
2025-06-09 11:36:41,534 - MarketClassifier - INFO - 环境分类完成: 强势上升趋势, 置信度: nan
2025-06-09 11:36:41,534 - StrategySelector - INFO - 当前市场环境: 强势上升趋势, 置信度: nan
2025-06-09 11:36:41,535 - StrategySelector - INFO - 适合当前环境的策略: ['trend_following', 'breakout', 'momentum']
2025-06-09 11:36:41,536 - StrategySelector - INFO - 评估策略在环境 强势上升趋势 中的历史表现
2025-06-09 11:36:41,537 - StrategySelector - INFO -   - trend_following: 样本数不足，使用默认分数=0.50
2025-06-09 11:36:41,538 - StrategySelector - INFO -   - breakout: 样本数不足，使用默认分数=0.50
2025-06-09 11:36:41,538 - StrategySelector - INFO -   - momentum: 样本数不足，使用默认分数=0.50
2025-06-09 11:36:41,539 - StrategySelector - INFO - 策略评分:
2025-06-09 11:36:41,539 - StrategySelector - INFO -   - trend_following: 0.50
2025-06-09 11:36:41,540 - StrategySelector - INFO -   - breakout: 0.50
2025-06-09 11:36:41,540 - StrategySelector - INFO -   - momentum: 0.50
2025-06-09 11:36:41,541 - StrategySelector - INFO - 计算策略最终权重
2025-06-09 11:36:41,541 - StrategySelector - INFO - 策略权重计算结果:
2025-06-09 11:36:41,542 - StrategySelector - INFO -   - trend_following: 0.33
2025-06-09 11:36:41,542 - StrategySelector - INFO -   - breakout: 0.33
2025-06-09 11:36:41,543 - StrategySelector - INFO -   - momentum: 0.33
2025-06-09 11:36:41,543 - StrategySelector - INFO - 选择的主策略: trend_following, 权重: 0.33
2025-06-09 11:36:41,544 - SignalEvaluator - INFO - 开始评估交易信号: 方向=1, 环境=强势上升趋势
2025-06-09 11:36:42,594 - SmartDailyReport - INFO - 已生成 NVDA 图表: NVDA_analysis_20250609.png
2025-06-09 11:36:42,595 - SmartDailyReport - INFO - NVDA 分析完成 - 环境: 强势上升趋势, 信号质量: 0.70, 数据质量: 74分
2025-06-09 11:36:42,596 - SmartDailyReport - INFO - 开始分析 TSLA
2025-06-09 11:36:42,597 - SmartDailyReport - INFO - 获取 TSLA 数据，时间范围: 2024-05-05 到 2025-06-09
2025-06-09 11:36:42,641 - SmartDailyReport - INFO - TSLA 数据较新（3天前）
2025-06-09 11:36:42,654 - MarketClassifier - INFO - 开始对市场环境进行分类...
2025-06-09 11:36:42,889 - MarketClassifier - INFO - 环境分类完成: 强势上升趋势, 置信度: nan
2025-06-09 11:36:42,889 - StrategySelector - INFO - 开始选择最佳策略...
2025-06-09 11:36:42,890 - MarketClassifier - INFO - 开始对市场环境进行分类...
2025-06-09 11:36:43,134 - MarketClassifier - INFO - 环境分类完成: 强势上升趋势, 置信度: nan
2025-06-09 11:36:43,134 - StrategySelector - INFO - 当前市场环境: 强势上升趋势, 置信度: nan
2025-06-09 11:36:43,135 - StrategySelector - INFO - 适合当前环境的策略: ['trend_following', 'breakout', 'momentum']
2025-06-09 11:36:43,136 - StrategySelector - INFO - 评估策略在环境 强势上升趋势 中的历史表现
2025-06-09 11:36:43,136 - StrategySelector - INFO -   - trend_following: 样本数不足，使用默认分数=0.50
2025-06-09 11:36:43,137 - StrategySelector - INFO -   - breakout: 样本数不足，使用默认分数=0.50
2025-06-09 11:36:43,137 - StrategySelector - INFO -   - momentum: 样本数不足，使用默认分数=0.50
2025-06-09 11:36:43,137 - StrategySelector - INFO - 策略评分:
2025-06-09 11:36:43,137 - StrategySelector - INFO -   - trend_following: 0.50
2025-06-09 11:36:43,137 - StrategySelector - INFO -   - breakout: 0.50
2025-06-09 11:36:43,137 - StrategySelector - INFO -   - momentum: 0.50
2025-06-09 11:36:43,140 - StrategySelector - INFO - 计算策略最终权重
2025-06-09 11:36:43,140 - StrategySelector - INFO - 策略权重计算结果:
2025-06-09 11:36:43,141 - StrategySelector - INFO -   - trend_following: 0.33
2025-06-09 11:36:43,141 - StrategySelector - INFO -   - breakout: 0.33
2025-06-09 11:36:43,142 - StrategySelector - INFO -   - momentum: 0.33
2025-06-09 11:36:43,142 - StrategySelector - INFO - 选择的主策略: trend_following, 权重: 0.33
2025-06-09 11:36:43,143 - SignalEvaluator - INFO - 开始评估交易信号: 方向=1, 环境=强势上升趋势
2025-06-09 11:36:44,278 - SmartDailyReport - INFO - 已生成 TSLA 图表: TSLA_analysis_20250609.png
2025-06-09 11:36:44,278 - SmartDailyReport - INFO - TSLA 分析完成 - 环境: 强势上升趋势, 信号质量: 0.56, 数据质量: 74分
2025-06-09 11:36:44,278 - SmartDailyReport - INFO - 开始分析 ADBE
2025-06-09 11:36:44,278 - SmartDailyReport - INFO - 获取 ADBE 数据，时间范围: 2024-05-05 到 2025-06-09
2025-06-09 11:36:44,302 - SmartDailyReport - INFO - ADBE 数据较新（3天前）
2025-06-09 11:36:44,313 - MarketClassifier - INFO - 开始对市场环境进行分类...
2025-06-09 11:36:44,538 - MarketClassifier - INFO - 环境分类完成: 强势上升趋势, 置信度: nan
2025-06-09 11:36:44,554 - StrategySelector - INFO - 开始选择最佳策略...
2025-06-09 11:36:44,555 - MarketClassifier - INFO - 开始对市场环境进行分类...
2025-06-09 11:36:44,834 - MarketClassifier - INFO - 环境分类完成: 强势上升趋势, 置信度: nan
2025-06-09 11:36:44,835 - StrategySelector - INFO - 当前市场环境: 强势上升趋势, 置信度: nan
2025-06-09 11:36:44,835 - StrategySelector - INFO - 适合当前环境的策略: ['trend_following', 'breakout', 'momentum']
2025-06-09 11:36:44,836 - StrategySelector - INFO - 评估策略在环境 强势上升趋势 中的历史表现
2025-06-09 11:36:44,836 - StrategySelector - INFO -   - trend_following: 样本数不足，使用默认分数=0.50
2025-06-09 11:36:44,837 - StrategySelector - INFO -   - breakout: 样本数不足，使用默认分数=0.50
2025-06-09 11:36:44,838 - StrategySelector - INFO -   - momentum: 样本数不足，使用默认分数=0.50
2025-06-09 11:36:44,838 - StrategySelector - INFO - 策略评分:
2025-06-09 11:36:44,838 - StrategySelector - INFO -   - trend_following: 0.50
2025-06-09 11:36:44,838 - StrategySelector - INFO -   - breakout: 0.50
2025-06-09 11:36:44,839 - StrategySelector - INFO -   - momentum: 0.50
2025-06-09 11:36:44,839 - StrategySelector - INFO - 计算策略最终权重
2025-06-09 11:36:44,839 - StrategySelector - INFO - 策略权重计算结果:
2025-06-09 11:36:44,840 - StrategySelector - INFO -   - trend_following: 0.33
2025-06-09 11:36:44,840 - StrategySelector - INFO -   - breakout: 0.33
2025-06-09 11:36:44,840 - StrategySelector - INFO -   - momentum: 0.33
2025-06-09 11:36:44,841 - StrategySelector - INFO - 选择的主策略: trend_following, 权重: 0.33
2025-06-09 11:36:44,842 - SignalEvaluator - INFO - 开始评估交易信号: 方向=1, 环境=强势上升趋势
2025-06-09 11:36:45,947 - SmartDailyReport - INFO - 已生成 ADBE 图表: ADBE_analysis_20250609.png
2025-06-09 11:36:45,948 - SmartDailyReport - INFO - ADBE 分析完成 - 环境: 强势上升趋势, 信号质量: 0.57, 数据质量: 74分
2025-06-09 11:36:45,949 - SmartDailyReport - INFO - 开始分析 MSFT
2025-06-09 11:36:45,949 - SmartDailyReport - INFO - 获取 MSFT 数据，时间范围: 2024-05-05 到 2025-06-09
2025-06-09 11:36:45,981 - SmartDailyReport - INFO - MSFT 数据较新（3天前）
2025-06-09 11:36:45,994 - MarketClassifier - INFO - 开始对市场环境进行分类...
2025-06-09 11:36:46,244 - MarketClassifier - INFO - 环境分类完成: 强势上升趋势, 置信度: nan
2025-06-09 11:36:46,244 - StrategySelector - INFO - 开始选择最佳策略...
2025-06-09 11:36:46,245 - MarketClassifier - INFO - 开始对市场环境进行分类...
2025-06-09 11:36:46,507 - MarketClassifier - INFO - 环境分类完成: 强势上升趋势, 置信度: nan
2025-06-09 11:36:46,508 - StrategySelector - INFO - 当前市场环境: 强势上升趋势, 置信度: nan
2025-06-09 11:36:46,508 - StrategySelector - INFO - 适合当前环境的策略: ['trend_following', 'breakout', 'momentum']
2025-06-09 11:36:46,509 - StrategySelector - INFO - 评估策略在环境 强势上升趋势 中的历史表现
2025-06-09 11:36:46,509 - StrategySelector - INFO -   - trend_following: 样本数不足，使用默认分数=0.50
2025-06-09 11:36:46,510 - StrategySelector - INFO -   - breakout: 样本数不足，使用默认分数=0.50
2025-06-09 11:36:46,511 - StrategySelector - INFO -   - momentum: 样本数不足，使用默认分数=0.50
2025-06-09 11:36:46,511 - StrategySelector - INFO - 策略评分:
2025-06-09 11:36:46,512 - StrategySelector - INFO -   - trend_following: 0.50
2025-06-09 11:36:46,512 - StrategySelector - INFO -   - breakout: 0.50
2025-06-09 11:36:46,513 - StrategySelector - INFO -   - momentum: 0.50
2025-06-09 11:36:46,513 - StrategySelector - INFO - 计算策略最终权重
2025-06-09 11:36:46,514 - StrategySelector - INFO - 策略权重计算结果:
2025-06-09 11:36:46,514 - StrategySelector - INFO -   - trend_following: 0.33
2025-06-09 11:36:46,515 - StrategySelector - INFO -   - breakout: 0.33
2025-06-09 11:36:46,515 - StrategySelector - INFO -   - momentum: 0.33
2025-06-09 11:36:46,516 - StrategySelector - INFO - 选择的主策略: trend_following, 权重: 0.33
2025-06-09 11:36:46,517 - SignalEvaluator - INFO - 开始评估交易信号: 方向=1, 环境=强势上升趋势
2025-06-09 11:36:47,607 - SmartDailyReport - INFO - 已生成 MSFT 图表: MSFT_analysis_20250609.png
2025-06-09 11:36:47,607 - SmartDailyReport - INFO - MSFT 分析完成 - 环境: 强势上升趋势, 信号质量: 0.57, 数据质量: 74分
2025-06-09 11:36:47,758 - SmartDailyReport - INFO - 日报生成完成: 智能股票日报_20250609_1136.html
2025-06-09 12:49:04,910 - EmailSystemTest - INFO - 🎯 开始测试智能日报邮件系统...
2025-06-09 12:49:04,910 - EmailSystemTest - INFO - 📧 初始化邮件发送器...
2025-06-09 12:49:04,910 - SmartDailyEmailSender - ERROR - ❌ 智能日报邮件发送器初始化失败: SmartDailyReportGenerator.__init__() got an unexpected keyword argument 'watch_stocks'
2025-06-09 12:49:04,910 - EmailSystemTest - ERROR - ❌ 测试过程中出现错误: SmartDailyReportGenerator.__init__() got an unexpected keyword argument 'watch_stocks'
2025-06-09 12:49:04,910 - EmailSystemTest - ERROR - ❌ 测试失败，请检查配置和网络连接
2025-06-09 12:56:44,707 - EmailSystemTest - INFO - 🎯 开始测试智能日报邮件系统...
2025-06-09 12:56:44,707 - EmailSystemTest - INFO - 📧 初始化邮件发送器...
2025-06-09 12:56:44,707 - SmartDailyReport - INFO - 尝试连接MySQL数据库...
2025-06-09 12:56:44,793 - SmartDailyReport - INFO - ✅ MySQL数据库连接成功
2025-06-09 12:56:44,793 - MarketClassifier - INFO - 初始化市场环境分类器
2025-06-09 12:56:44,793 - StrategySelector - INFO - 初始化动态策略选择器
2025-06-09 12:56:44,793 - MarketClassifier - INFO - 初始化市场环境分类器
2025-06-09 12:56:44,793 - StrategySelector - INFO - 策略表现历史文件不存在，将创建新文件
2025-06-09 12:56:44,793 - StrategySelector - INFO - 动态策略选择器初始化完成，已加载 5 个可用策略
2025-06-09 12:56:44,793 - SignalEvaluator - INFO - 初始化信号质量评估器
2025-06-09 12:56:44,793 - SignalEvaluator - INFO - 配置参数: {'quality_threshold': 0.6, 'weights': {'technical_consistency': 0.25, 'environment_fit': 0.2, 'timeframe_confirmation': 0.2, 'volume_support': 0.15, 'risk_reward': 0.2}, 'min_consistent_indicators': 3, 'indicator_groups': {'trend': ['sma_crossover', 'macd', 'adx', 'supertrend'], 'momentum': ['rsi', 'stochastic', 'cci', 'mfi'], 'volatility': ['bollinger_bands', 'atr', 'keltner_channels'], 'support_resistance': ['pivot_points', 'fibonacci', 'price_channels']}, 'timeframes': ['daily', 'weekly', '4h', '1h'], 'timeframe_weights': {'daily': 0.4, 'weekly': 0.3, '4h': 0.2, '1h': 0.1}, 'min_reward_risk_ratio': 2.0, 'optimal_reward_risk_ratio': 3.0, 'enable_volume_filter': True, 'volume_threshold': 1.5, 'adaptive_threshold': True, 'market_regime_thresholds': {<MarketEnvironment.STRONG_UPTREND: '强势上升趋势'>: 0.55, <MarketEnvironment.WEAK_UPTREND: '弱势上升趋势'>: 0.6, <MarketEnvironment.STRONG_DOWNTREND: '强势下降趋势'>: 0.65, <MarketEnvironment.WEAK_DOWNTREND: '弱势下降趋势'>: 0.65, <MarketEnvironment.RANGE_BOUND: '区间震荡'>: 0.7, <MarketEnvironment.CHOPPY: '混沌无序'>: 0.75, <MarketEnvironment.UNKNOWN: '未知状态'>: 0.7}}
2025-06-09 12:56:44,793 - AlertSystem - INFO - 初始化高级提醒系统
2025-06-09 12:56:44,793 - MarketClassifier - INFO - 初始化市场环境分类器
2025-06-09 12:56:44,793 - StrategySelector - INFO - 初始化动态策略选择器
2025-06-09 12:56:44,793 - MarketClassifier - INFO - 初始化市场环境分类器
2025-06-09 12:56:44,793 - StrategySelector - INFO - 策略表现历史文件不存在，将创建新文件
2025-06-09 12:56:44,793 - StrategySelector - INFO - 动态策略选择器初始化完成，已加载 5 个可用策略
2025-06-09 12:56:44,793 - SignalEvaluator - INFO - 初始化信号质量评估器
2025-06-09 12:56:44,793 - SignalEvaluator - INFO - 配置参数: {'quality_threshold': 0.6, 'weights': {'technical_consistency': 0.25, 'environment_fit': 0.2, 'timeframe_confirmation': 0.2, 'volume_support': 0.15, 'risk_reward': 0.2}, 'min_consistent_indicators': 3, 'indicator_groups': {'trend': ['sma_crossover', 'macd', 'adx', 'supertrend'], 'momentum': ['rsi', 'stochastic', 'cci', 'mfi'], 'volatility': ['bollinger_bands', 'atr', 'keltner_channels'], 'support_resistance': ['pivot_points', 'fibonacci', 'price_channels']}, 'timeframes': ['daily', 'weekly', '4h', '1h'], 'timeframe_weights': {'daily': 0.4, 'weekly': 0.3, '4h': 0.2, '1h': 0.1}, 'min_reward_risk_ratio': 2.0, 'optimal_reward_risk_ratio': 3.0, 'enable_volume_filter': True, 'volume_threshold': 1.5, 'adaptive_threshold': True, 'market_regime_thresholds': {<MarketEnvironment.STRONG_UPTREND: '强势上升趋势'>: 0.55, <MarketEnvironment.WEAK_UPTREND: '弱势上升趋势'>: 0.6, <MarketEnvironment.STRONG_DOWNTREND: '强势下降趋势'>: 0.65, <MarketEnvironment.WEAK_DOWNTREND: '弱势下降趋势'>: 0.65, <MarketEnvironment.RANGE_BOUND: '区间震荡'>: 0.7, <MarketEnvironment.CHOPPY: '混沌无序'>: 0.75, <MarketEnvironment.UNKNOWN: '未知状态'>: 0.7}}
2025-06-09 12:56:44,806 - AlertSystem - INFO - 高级提醒系统配置: {'min_quality_score': 0.6, 'enable_notification_manager': True, 'risk_management_alerts': True, 'max_alerts_per_day': 10, 'alert_cooldown_minutes': 60, 'signal_quality_thresholds': {<AlertLevel.CRITICAL: '紧急'>: 0.85, <AlertLevel.HIGH: '重要'>: 0.75, <AlertLevel.MEDIUM: '一般'>: 0.65, <AlertLevel.LOW: '提示'>: 0.0}}
2025-06-09 12:56:44,807 - SmartDailyReport - INFO - 成功设置字体: SimHei
2025-06-09 12:56:44,807 - SmartDailyReport - INFO - 智能日报生成器初始化完成，关注 7 只股票，数据源: MySQL数据库
2025-06-09 12:56:44,808 - SmartDailyEmailSender - ERROR - ❌ 智能日报邮件发送器初始化失败: 'TradingConfig' object has no attribute 'get'
2025-06-09 12:56:44,808 - EmailSystemTest - ERROR - ❌ 测试过程中出现错误: 'TradingConfig' object has no attribute 'get'
2025-06-09 12:56:44,812 - EmailSystemTest - ERROR - ❌ 测试失败，请检查配置和网络连接
2025-06-09 13:00:06,551 - EmailSystemTest - INFO - 🎯 开始测试智能日报邮件系统...
2025-06-09 13:00:06,552 - EmailSystemTest - INFO - 📧 初始化邮件发送器...
2025-06-09 13:00:06,552 - SmartDailyReport - INFO - 尝试连接MySQL数据库...
2025-06-09 13:00:06,614 - SmartDailyReport - INFO - ✅ MySQL数据库连接成功
2025-06-09 13:00:06,615 - MarketClassifier - INFO - 初始化市场环境分类器
2025-06-09 13:00:06,615 - StrategySelector - INFO - 初始化动态策略选择器
2025-06-09 13:00:06,615 - MarketClassifier - INFO - 初始化市场环境分类器
2025-06-09 13:00:06,616 - StrategySelector - INFO - 策略表现历史文件不存在，将创建新文件
2025-06-09 13:00:06,616 - StrategySelector - INFO - 动态策略选择器初始化完成，已加载 5 个可用策略
2025-06-09 13:00:06,616 - SignalEvaluator - INFO - 初始化信号质量评估器
2025-06-09 13:00:06,616 - SignalEvaluator - INFO - 配置参数: {'quality_threshold': 0.6, 'weights': {'technical_consistency': 0.25, 'environment_fit': 0.2, 'timeframe_confirmation': 0.2, 'volume_support': 0.15, 'risk_reward': 0.2}, 'min_consistent_indicators': 3, 'indicator_groups': {'trend': ['sma_crossover', 'macd', 'adx', 'supertrend'], 'momentum': ['rsi', 'stochastic', 'cci', 'mfi'], 'volatility': ['bollinger_bands', 'atr', 'keltner_channels'], 'support_resistance': ['pivot_points', 'fibonacci', 'price_channels']}, 'timeframes': ['daily', 'weekly', '4h', '1h'], 'timeframe_weights': {'daily': 0.4, 'weekly': 0.3, '4h': 0.2, '1h': 0.1}, 'min_reward_risk_ratio': 2.0, 'optimal_reward_risk_ratio': 3.0, 'enable_volume_filter': True, 'volume_threshold': 1.5, 'adaptive_threshold': True, 'market_regime_thresholds': {<MarketEnvironment.STRONG_UPTREND: '强势上升趋势'>: 0.55, <MarketEnvironment.WEAK_UPTREND: '弱势上升趋势'>: 0.6, <MarketEnvironment.STRONG_DOWNTREND: '强势下降趋势'>: 0.65, <MarketEnvironment.WEAK_DOWNTREND: '弱势下降趋势'>: 0.65, <MarketEnvironment.RANGE_BOUND: '区间震荡'>: 0.7, <MarketEnvironment.CHOPPY: '混沌无序'>: 0.75, <MarketEnvironment.UNKNOWN: '未知状态'>: 0.7}}
2025-06-09 13:00:06,618 - AlertSystem - INFO - 初始化高级提醒系统
2025-06-09 13:00:06,618 - MarketClassifier - INFO - 初始化市场环境分类器
2025-06-09 13:00:06,619 - StrategySelector - INFO - 初始化动态策略选择器
2025-06-09 13:00:06,619 - MarketClassifier - INFO - 初始化市场环境分类器
2025-06-09 13:00:06,619 - StrategySelector - INFO - 策略表现历史文件不存在，将创建新文件
2025-06-09 13:00:06,620 - StrategySelector - INFO - 动态策略选择器初始化完成，已加载 5 个可用策略
2025-06-09 13:00:06,620 - SignalEvaluator - INFO - 初始化信号质量评估器
2025-06-09 13:00:06,620 - SignalEvaluator - INFO - 配置参数: {'quality_threshold': 0.6, 'weights': {'technical_consistency': 0.25, 'environment_fit': 0.2, 'timeframe_confirmation': 0.2, 'volume_support': 0.15, 'risk_reward': 0.2}, 'min_consistent_indicators': 3, 'indicator_groups': {'trend': ['sma_crossover', 'macd', 'adx', 'supertrend'], 'momentum': ['rsi', 'stochastic', 'cci', 'mfi'], 'volatility': ['bollinger_bands', 'atr', 'keltner_channels'], 'support_resistance': ['pivot_points', 'fibonacci', 'price_channels']}, 'timeframes': ['daily', 'weekly', '4h', '1h'], 'timeframe_weights': {'daily': 0.4, 'weekly': 0.3, '4h': 0.2, '1h': 0.1}, 'min_reward_risk_ratio': 2.0, 'optimal_reward_risk_ratio': 3.0, 'enable_volume_filter': True, 'volume_threshold': 1.5, 'adaptive_threshold': True, 'market_regime_thresholds': {<MarketEnvironment.STRONG_UPTREND: '强势上升趋势'>: 0.55, <MarketEnvironment.WEAK_UPTREND: '弱势上升趋势'>: 0.6, <MarketEnvironment.STRONG_DOWNTREND: '强势下降趋势'>: 0.65, <MarketEnvironment.WEAK_DOWNTREND: '弱势下降趋势'>: 0.65, <MarketEnvironment.RANGE_BOUND: '区间震荡'>: 0.7, <MarketEnvironment.CHOPPY: '混沌无序'>: 0.75, <MarketEnvironment.UNKNOWN: '未知状态'>: 0.7}}
2025-06-09 13:00:06,623 - AlertSystem - INFO - 高级提醒系统配置: {'min_quality_score': 0.6, 'enable_notification_manager': True, 'risk_management_alerts': True, 'max_alerts_per_day': 10, 'alert_cooldown_minutes': 60, 'signal_quality_thresholds': {<AlertLevel.CRITICAL: '紧急'>: 0.85, <AlertLevel.HIGH: '重要'>: 0.75, <AlertLevel.MEDIUM: '一般'>: 0.65, <AlertLevel.LOW: '提示'>: 0.0}}
2025-06-09 13:00:06,624 - SmartDailyReport - INFO - 成功设置字体: SimHei
2025-06-09 13:00:06,625 - SmartDailyReport - INFO - 智能日报生成器初始化完成，关注 7 只股票，数据源: MySQL数据库
2025-06-09 13:00:06,625 - SmartDailyEmailSender - INFO - ✅ 智能日报邮件发送器初始化成功
2025-06-09 13:00:06,626 - EmailSystemTest - INFO - 
📧 测试1: 发送系统测试邮件
2025-06-09 13:00:06,626 - EmailSystemTest - INFO - ==================================================
2025-06-09 13:00:06,626 - SmartDailyEmailSender - INFO - 📧 发送测试邮件...
2025-06-09 13:00:06,626 - SmartDailyEmailSender - INFO - 准备发送邮件: 🧪 智能日报系统测试邮件
2025-06-09 13:00:06,626 - SmartDailyEmailSender - INFO - 正在连接SMTP服务器...
2025-06-09 13:00:07,578 - SmartDailyEmailSender - INFO - 正在启动TLS加密...
2025-06-09 13:00:07,716 - SmartDailyEmailSender - INFO - 正在登录SMTP服务器...
2025-06-09 13:00:07,918 - SmartDailyEmailSender - INFO - 正在发送邮件...
2025-06-09 13:00:09,163 - SmartDailyEmailSender - INFO - ✅ 邮件发送成功: 🧪 智能日报系统测试邮件
2025-06-09 13:00:09,163 - SmartDailyEmailSender - INFO - ✅ 测试邮件发送成功！
2025-06-09 13:00:09,163 - EmailSystemTest - INFO - ✅ 测试邮件发送成功
2025-06-09 13:00:09,163 - EmailSystemTest - INFO - 
📊 测试2: 生成并发送完整智能日报
2025-06-09 13:00:09,179 - EmailSystemTest - INFO - ==================================================
2025-06-09 13:00:09,180 - SmartDailyEmailSender - INFO - 🚀 立即执行一次智能日报生成...
2025-06-09 13:00:09,180 - SmartDailyEmailSender - INFO - 🚀 开始生成每日智能报告...
2025-06-09 13:00:09,181 - SmartDailyReport - INFO - 开始生成智能日报...
2025-06-09 13:00:09,181 - SmartDailyReport - INFO - 开始更新市场数据...
2025-06-09 13:00:09,181 - data.data_updater - INFO - 开始增量更新 7 只股票的数据
2025-06-09 13:00:09,189 - data.data_updater - INFO - 处理股票 AMD，最后更新时间: 2025-06-06 00:00:00
2025-06-09 13:00:09,189 - data.data_updater - INFO - 股票 AMD 的数据已更新 3 天 13 小时前
2025-06-09 13:00:09,189 - data.data_updater - INFO - 股票 AMD 的最后更新日期为: 2025-06-06 00:00:00
2025-06-09 13:00:09,189 - data.data_updater - INFO - 将获取股票 AMD 从 2025-06-07 到 2025-06-09 的数据
2025-06-09 13:00:12,314 - data.data_updater - WARNING - 未获取到股票 AMD 的新数据
2025-06-09 13:00:12,314 - data.data_updater - INFO - 处理股票 GOOGL，最后更新时间: 2025-06-06 00:00:00
2025-06-09 13:00:12,314 - data.data_updater - INFO - 股票 GOOGL 的数据已更新 3 天 13 小时前
2025-06-09 13:00:12,314 - data.data_updater - INFO - 股票 GOOGL 的最后更新日期为: 2025-06-06 00:00:00
2025-06-09 13:00:12,330 - data.data_updater - INFO - 将获取股票 GOOGL 从 2025-06-07 到 2025-06-09 的数据
2025-06-09 13:00:12,418 - data.data_updater - WARNING - 未获取到股票 GOOGL 的新数据
2025-06-09 13:00:12,434 - data.data_updater - INFO - 处理股票 PFE，最后更新时间: 2025-06-06 00:00:00
2025-06-09 13:00:12,434 - data.data_updater - INFO - 股票 PFE 的数据已更新 3 天 13 小时前
2025-06-09 13:00:12,434 - data.data_updater - INFO - 股票 PFE 的最后更新日期为: 2025-06-06 00:00:00
2025-06-09 13:00:12,434 - data.data_updater - INFO - 将获取股票 PFE 从 2025-06-07 到 2025-06-09 的数据
2025-06-09 13:00:12,602 - data.data_updater - WARNING - 未获取到股票 PFE 的新数据
2025-06-09 13:00:12,602 - data.data_updater - INFO - 处理股票 NVDA，最后更新时间: 2025-06-06 00:00:00
2025-06-09 13:00:12,617 - data.data_updater - INFO - 股票 NVDA 的数据已更新 3 天 13 小时前
2025-06-09 13:00:12,617 - data.data_updater - INFO - 股票 NVDA 的最后更新日期为: 2025-06-06 00:00:00
2025-06-09 13:00:12,617 - data.data_updater - INFO - 将获取股票 NVDA 从 2025-06-07 到 2025-06-09 的数据
2025-06-09 13:00:12,767 - data.data_updater - WARNING - 未获取到股票 NVDA 的新数据
2025-06-09 13:00:12,771 - data.data_updater - INFO - 处理股票 TSLA，最后更新时间: 2025-06-06 00:00:00
2025-06-09 13:00:12,772 - data.data_updater - INFO - 股票 TSLA 的数据已更新 3 天 13 小时前
2025-06-09 13:00:12,772 - data.data_updater - INFO - 股票 TSLA 的最后更新日期为: 2025-06-06 00:00:00
2025-06-09 13:00:12,772 - data.data_updater - INFO - 将获取股票 TSLA 从 2025-06-07 到 2025-06-09 的数据
2025-06-09 13:00:12,902 - data.data_updater - WARNING - 未获取到股票 TSLA 的新数据
2025-06-09 13:00:12,902 - data.data_updater - INFO - 处理股票 ADBE，最后更新时间: 2025-06-06 00:00:00
2025-06-09 13:00:12,902 - data.data_updater - INFO - 股票 ADBE 的数据已更新 3 天 13 小时前
2025-06-09 13:00:12,902 - data.data_updater - INFO - 股票 ADBE 的最后更新日期为: 2025-06-06 00:00:00
2025-06-09 13:00:12,902 - data.data_updater - INFO - 将获取股票 ADBE 从 2025-06-07 到 2025-06-09 的数据
2025-06-09 13:00:13,043 - data.data_updater - WARNING - 未获取到股票 ADBE 的新数据
2025-06-09 13:00:13,043 - data.data_updater - INFO - 处理股票 MSFT，最后更新时间: 2025-06-06 00:00:00
2025-06-09 13:00:13,043 - data.data_updater - INFO - 股票 MSFT 的数据已更新 3 天 13 小时前
2025-06-09 13:00:13,043 - data.data_updater - INFO - 股票 MSFT 的最后更新日期为: 2025-06-06 00:00:00
2025-06-09 13:00:13,043 - data.data_updater - INFO - 将获取股票 MSFT 从 2025-06-07 到 2025-06-09 的数据
2025-06-09 13:00:13,184 - data.data_updater - WARNING - 未获取到股票 MSFT 的新数据
2025-06-09 13:00:13,200 - data.data_updater - INFO - 更新完成: 总计 7 只股票, 更新 0 只, 跳过 0 只, 失败 7 只, 共新增 0 条记录
2025-06-09 13:00:13,200 - SmartDailyReport - ERROR - 数据更新失败: 'success'
2025-06-09 13:00:13,200 - SmartDailyReport - INFO - 将使用现有数据生成报告
2025-06-09 13:00:13,200 - SmartDailyReport - INFO - 开始分析 AMD
2025-06-09 13:00:13,200 - SmartDailyReport - INFO - 获取 AMD 数据，时间范围: 2024-05-05 到 2025-06-09
2025-06-09 13:00:13,232 - SmartDailyReport - INFO - AMD 数据较新（3天前）
2025-06-09 13:00:13,239 - MarketClassifier - INFO - 开始对市场环境进行分类...
2025-06-09 13:00:13,483 - MarketClassifier - INFO - 环境分类完成: 强势上升趋势, 置信度: nan
2025-06-09 13:00:13,485 - StrategySelector - INFO - 开始选择最佳策略...
2025-06-09 13:00:13,485 - MarketClassifier - INFO - 开始对市场环境进行分类...
2025-06-09 13:00:13,757 - MarketClassifier - INFO - 环境分类完成: 强势上升趋势, 置信度: nan
2025-06-09 13:00:13,757 - StrategySelector - INFO - 当前市场环境: 强势上升趋势, 置信度: nan
2025-06-09 13:00:13,758 - StrategySelector - INFO - 适合当前环境的策略: ['trend_following', 'breakout', 'momentum']
2025-06-09 13:00:13,759 - StrategySelector - INFO - 评估策略在环境 强势上升趋势 中的历史表现
2025-06-09 13:00:13,759 - StrategySelector - INFO -   - trend_following: 样本数不足，使用默认分数=0.50
2025-06-09 13:00:13,759 - StrategySelector - INFO -   - breakout: 样本数不足，使用默认分数=0.50
2025-06-09 13:00:13,760 - StrategySelector - INFO -   - momentum: 样本数不足，使用默认分数=0.50
2025-06-09 13:00:13,760 - StrategySelector - INFO - 策略评分:
2025-06-09 13:00:13,760 - StrategySelector - INFO -   - trend_following: 0.50
2025-06-09 13:00:13,760 - StrategySelector - INFO -   - breakout: 0.50
2025-06-09 13:00:13,761 - StrategySelector - INFO -   - momentum: 0.50
2025-06-09 13:00:13,761 - StrategySelector - INFO - 计算策略最终权重
2025-06-09 13:00:13,761 - StrategySelector - INFO - 策略权重计算结果:
2025-06-09 13:00:13,762 - StrategySelector - INFO -   - trend_following: 0.33
2025-06-09 13:00:13,762 - StrategySelector - INFO -   - breakout: 0.33
2025-06-09 13:00:13,763 - StrategySelector - INFO -   - momentum: 0.33
2025-06-09 13:00:13,763 - StrategySelector - INFO - 选择的主策略: trend_following, 权重: 0.33
2025-06-09 13:00:13,764 - SignalEvaluator - INFO - 开始评估交易信号: 方向=1, 环境=强势上升趋势
2025-06-09 13:00:15,588 - SmartDailyReport - INFO - 已生成 AMD 图表: AMD_analysis_20250609.png
2025-06-09 13:00:15,589 - SmartDailyReport - INFO - AMD 分析完成 - 环境: 强势上升趋势, 信号质量: 0.56, 数据质量: 74分
2025-06-09 13:00:15,590 - SmartDailyReport - INFO - 开始分析 GOOGL
2025-06-09 13:00:15,591 - SmartDailyReport - INFO - 获取 GOOGL 数据，时间范围: 2024-05-05 到 2025-06-09
2025-06-09 13:00:15,628 - SmartDailyReport - INFO - GOOGL 数据较新（3天前）
2025-06-09 13:00:15,637 - MarketClassifier - INFO - 开始对市场环境进行分类...
2025-06-09 13:00:15,870 - MarketClassifier - INFO - 环境分类完成: 强势上升趋势, 置信度: nan
2025-06-09 13:00:15,870 - StrategySelector - INFO - 开始选择最佳策略...
2025-06-09 13:00:15,870 - MarketClassifier - INFO - 开始对市场环境进行分类...
2025-06-09 13:00:16,140 - MarketClassifier - INFO - 环境分类完成: 强势上升趋势, 置信度: nan
2025-06-09 13:00:16,140 - StrategySelector - INFO - 当前市场环境: 强势上升趋势, 置信度: nan
2025-06-09 13:00:16,141 - StrategySelector - INFO - 适合当前环境的策略: ['trend_following', 'breakout', 'momentum']
2025-06-09 13:00:16,142 - StrategySelector - INFO - 评估策略在环境 强势上升趋势 中的历史表现
2025-06-09 13:00:16,143 - StrategySelector - INFO -   - trend_following: 样本数不足，使用默认分数=0.50
2025-06-09 13:00:16,143 - StrategySelector - INFO -   - breakout: 样本数不足，使用默认分数=0.50
2025-06-09 13:00:16,144 - StrategySelector - INFO -   - momentum: 样本数不足，使用默认分数=0.50
2025-06-09 13:00:16,145 - StrategySelector - INFO - 策略评分:
2025-06-09 13:00:16,146 - StrategySelector - INFO -   - trend_following: 0.50
2025-06-09 13:00:16,146 - StrategySelector - INFO -   - breakout: 0.50
2025-06-09 13:00:16,147 - StrategySelector - INFO -   - momentum: 0.50
2025-06-09 13:00:16,148 - StrategySelector - INFO - 计算策略最终权重
2025-06-09 13:00:16,149 - StrategySelector - INFO - 策略权重计算结果:
2025-06-09 13:00:16,150 - StrategySelector - INFO -   - trend_following: 0.33
2025-06-09 13:00:16,150 - StrategySelector - INFO -   - breakout: 0.33
2025-06-09 13:00:16,151 - StrategySelector - INFO -   - momentum: 0.33
2025-06-09 13:00:16,152 - StrategySelector - INFO - 选择的主策略: trend_following, 权重: 0.33
2025-06-09 13:00:16,154 - SignalEvaluator - INFO - 开始评估交易信号: 方向=1, 环境=强势上升趋势
2025-06-09 13:00:17,207 - SmartDailyReport - INFO - 已生成 GOOGL 图表: GOOGL_analysis_20250609.png
2025-06-09 13:00:17,207 - SmartDailyReport - INFO - GOOGL 分析完成 - 环境: 强势上升趋势, 信号质量: 0.71, 数据质量: 74分
2025-06-09 13:00:17,208 - SmartDailyReport - INFO - 开始分析 PFE
2025-06-09 13:00:17,209 - SmartDailyReport - INFO - 获取 PFE 数据，时间范围: 2024-05-05 到 2025-06-09
2025-06-09 13:00:17,235 - SmartDailyReport - INFO - PFE 数据较新（3天前）
2025-06-09 13:00:17,247 - MarketClassifier - INFO - 开始对市场环境进行分类...
2025-06-09 13:00:17,496 - MarketClassifier - INFO - 环境分类完成: 强势上升趋势, 置信度: nan
2025-06-09 13:00:17,496 - StrategySelector - INFO - 开始选择最佳策略...
2025-06-09 13:00:17,496 - MarketClassifier - INFO - 开始对市场环境进行分类...
2025-06-09 13:00:17,741 - MarketClassifier - INFO - 环境分类完成: 强势上升趋势, 置信度: nan
2025-06-09 13:00:17,741 - StrategySelector - INFO - 当前市场环境: 强势上升趋势, 置信度: nan
2025-06-09 13:00:17,741 - StrategySelector - INFO - 适合当前环境的策略: ['trend_following', 'breakout', 'momentum']
2025-06-09 13:00:17,741 - StrategySelector - INFO - 评估策略在环境 强势上升趋势 中的历史表现
2025-06-09 13:00:17,741 - StrategySelector - INFO -   - trend_following: 样本数不足，使用默认分数=0.50
2025-06-09 13:00:17,741 - StrategySelector - INFO -   - breakout: 样本数不足，使用默认分数=0.50
2025-06-09 13:00:17,741 - StrategySelector - INFO -   - momentum: 样本数不足，使用默认分数=0.50
2025-06-09 13:00:17,741 - StrategySelector - INFO - 策略评分:
2025-06-09 13:00:17,741 - StrategySelector - INFO -   - trend_following: 0.50
2025-06-09 13:00:17,741 - StrategySelector - INFO -   - breakout: 0.50
2025-06-09 13:00:17,741 - StrategySelector - INFO -   - momentum: 0.50
2025-06-09 13:00:17,741 - StrategySelector - INFO - 计算策略最终权重
2025-06-09 13:00:17,741 - StrategySelector - INFO - 策略权重计算结果:
2025-06-09 13:00:17,741 - StrategySelector - INFO -   - trend_following: 0.33
2025-06-09 13:00:17,741 - StrategySelector - INFO -   - breakout: 0.33
2025-06-09 13:00:17,741 - StrategySelector - INFO -   - momentum: 0.33
2025-06-09 13:00:17,741 - StrategySelector - INFO - 选择的主策略: trend_following, 权重: 0.33
2025-06-09 13:00:17,741 - SignalEvaluator - INFO - 开始评估交易信号: 方向=1, 环境=强势上升趋势
2025-06-09 13:00:18,807 - SmartDailyReport - INFO - 已生成 PFE 图表: PFE_analysis_20250609.png
2025-06-09 13:00:18,807 - SmartDailyReport - INFO - PFE 分析完成 - 环境: 强势上升趋势, 信号质量: 0.70, 数据质量: 74分
2025-06-09 13:00:18,807 - SmartDailyReport - INFO - 开始分析 NVDA
2025-06-09 13:00:18,807 - SmartDailyReport - INFO - 获取 NVDA 数据，时间范围: 2024-05-05 到 2025-06-09
2025-06-09 13:00:18,845 - SmartDailyReport - INFO - NVDA 数据较新（3天前）
2025-06-09 13:00:18,860 - MarketClassifier - INFO - 开始对市场环境进行分类...
2025-06-09 13:00:19,108 - MarketClassifier - INFO - 环境分类完成: 强势上升趋势, 置信度: nan
2025-06-09 13:00:19,109 - StrategySelector - INFO - 开始选择最佳策略...
2025-06-09 13:00:19,110 - MarketClassifier - INFO - 开始对市场环境进行分类...
2025-06-09 13:00:19,367 - MarketClassifier - INFO - 环境分类完成: 强势上升趋势, 置信度: nan
2025-06-09 13:00:19,368 - StrategySelector - INFO - 当前市场环境: 强势上升趋势, 置信度: nan
2025-06-09 13:00:19,368 - StrategySelector - INFO - 适合当前环境的策略: ['trend_following', 'breakout', 'momentum']
2025-06-09 13:00:19,369 - StrategySelector - INFO - 评估策略在环境 强势上升趋势 中的历史表现
2025-06-09 13:00:19,369 - StrategySelector - INFO -   - trend_following: 样本数不足，使用默认分数=0.50
2025-06-09 13:00:19,370 - StrategySelector - INFO -   - breakout: 样本数不足，使用默认分数=0.50
2025-06-09 13:00:19,370 - StrategySelector - INFO -   - momentum: 样本数不足，使用默认分数=0.50
2025-06-09 13:00:19,371 - StrategySelector - INFO - 策略评分:
2025-06-09 13:00:19,371 - StrategySelector - INFO -   - trend_following: 0.50
2025-06-09 13:00:19,371 - StrategySelector - INFO -   - breakout: 0.50
2025-06-09 13:00:19,371 - StrategySelector - INFO -   - momentum: 0.50
2025-06-09 13:00:19,371 - StrategySelector - INFO - 计算策略最终权重
2025-06-09 13:00:19,371 - StrategySelector - INFO - 策略权重计算结果:
2025-06-09 13:00:19,371 - StrategySelector - INFO -   - trend_following: 0.33
2025-06-09 13:00:19,371 - StrategySelector - INFO -   - breakout: 0.33
2025-06-09 13:00:19,371 - StrategySelector - INFO -   - momentum: 0.33
2025-06-09 13:00:19,371 - StrategySelector - INFO - 选择的主策略: trend_following, 权重: 0.33
2025-06-09 13:00:19,371 - SignalEvaluator - INFO - 开始评估交易信号: 方向=1, 环境=强势上升趋势
2025-06-09 13:00:20,422 - SmartDailyReport - INFO - 已生成 NVDA 图表: NVDA_analysis_20250609.png
2025-06-09 13:00:20,423 - SmartDailyReport - INFO - NVDA 分析完成 - 环境: 强势上升趋势, 信号质量: 0.70, 数据质量: 74分
2025-06-09 13:00:20,424 - SmartDailyReport - INFO - 开始分析 TSLA
2025-06-09 13:00:20,425 - SmartDailyReport - INFO - 获取 TSLA 数据，时间范围: 2024-05-05 到 2025-06-09
2025-06-09 13:00:20,491 - SmartDailyReport - INFO - TSLA 数据较新（3天前）
2025-06-09 13:00:20,516 - MarketClassifier - INFO - 开始对市场环境进行分类...
2025-06-09 13:00:20,758 - MarketClassifier - INFO - 环境分类完成: 强势上升趋势, 置信度: nan
2025-06-09 13:00:20,759 - StrategySelector - INFO - 开始选择最佳策略...
2025-06-09 13:00:20,759 - MarketClassifier - INFO - 开始对市场环境进行分类...
2025-06-09 13:00:21,006 - MarketClassifier - INFO - 环境分类完成: 强势上升趋势, 置信度: nan
2025-06-09 13:00:21,006 - StrategySelector - INFO - 当前市场环境: 强势上升趋势, 置信度: nan
2025-06-09 13:00:21,007 - StrategySelector - INFO - 适合当前环境的策略: ['trend_following', 'breakout', 'momentum']
2025-06-09 13:00:21,008 - StrategySelector - INFO - 评估策略在环境 强势上升趋势 中的历史表现
2025-06-09 13:00:21,008 - StrategySelector - INFO -   - trend_following: 样本数不足，使用默认分数=0.50
2025-06-09 13:00:21,009 - StrategySelector - INFO -   - breakout: 样本数不足，使用默认分数=0.50
2025-06-09 13:00:21,010 - StrategySelector - INFO -   - momentum: 样本数不足，使用默认分数=0.50
2025-06-09 13:00:21,011 - StrategySelector - INFO - 策略评分:
2025-06-09 13:00:21,012 - StrategySelector - INFO -   - trend_following: 0.50
2025-06-09 13:00:21,012 - StrategySelector - INFO -   - breakout: 0.50
2025-06-09 13:00:21,013 - StrategySelector - INFO -   - momentum: 0.50
2025-06-09 13:00:21,014 - StrategySelector - INFO - 计算策略最终权重
2025-06-09 13:00:21,015 - StrategySelector - INFO - 策略权重计算结果:
2025-06-09 13:00:21,016 - StrategySelector - INFO -   - trend_following: 0.33
2025-06-09 13:00:21,016 - StrategySelector - INFO -   - breakout: 0.33
2025-06-09 13:00:21,017 - StrategySelector - INFO -   - momentum: 0.33
2025-06-09 13:00:21,018 - StrategySelector - INFO - 选择的主策略: trend_following, 权重: 0.33
2025-06-09 13:00:21,020 - SignalEvaluator - INFO - 开始评估交易信号: 方向=1, 环境=强势上升趋势
2025-06-09 13:00:22,136 - SmartDailyReport - INFO - 已生成 TSLA 图表: TSLA_analysis_20250609.png
2025-06-09 13:00:22,152 - SmartDailyReport - INFO - TSLA 分析完成 - 环境: 强势上升趋势, 信号质量: 0.56, 数据质量: 74分
2025-06-09 13:00:22,153 - SmartDailyReport - INFO - 开始分析 ADBE
2025-06-09 13:00:22,154 - SmartDailyReport - INFO - 获取 ADBE 数据，时间范围: 2024-05-05 到 2025-06-09
2025-06-09 13:00:22,181 - SmartDailyReport - INFO - ADBE 数据较新（3天前）
2025-06-09 13:00:22,192 - MarketClassifier - INFO - 开始对市场环境进行分类...
2025-06-09 13:00:22,446 - MarketClassifier - INFO - 环境分类完成: 强势上升趋势, 置信度: nan
2025-06-09 13:00:22,446 - StrategySelector - INFO - 开始选择最佳策略...
2025-06-09 13:00:22,446 - MarketClassifier - INFO - 开始对市场环境进行分类...
2025-06-09 13:00:22,716 - MarketClassifier - INFO - 环境分类完成: 强势上升趋势, 置信度: nan
2025-06-09 13:00:22,716 - StrategySelector - INFO - 当前市场环境: 强势上升趋势, 置信度: nan
2025-06-09 13:00:22,716 - StrategySelector - INFO - 适合当前环境的策略: ['trend_following', 'breakout', 'momentum']
2025-06-09 13:00:22,716 - StrategySelector - INFO - 评估策略在环境 强势上升趋势 中的历史表现
2025-06-09 13:00:22,716 - StrategySelector - INFO -   - trend_following: 样本数不足，使用默认分数=0.50
2025-06-09 13:00:22,716 - StrategySelector - INFO -   - breakout: 样本数不足，使用默认分数=0.50
2025-06-09 13:00:22,716 - StrategySelector - INFO -   - momentum: 样本数不足，使用默认分数=0.50
2025-06-09 13:00:22,716 - StrategySelector - INFO - 策略评分:
2025-06-09 13:00:22,716 - StrategySelector - INFO -   - trend_following: 0.50
2025-06-09 13:00:22,716 - StrategySelector - INFO -   - breakout: 0.50
2025-06-09 13:00:22,716 - StrategySelector - INFO -   - momentum: 0.50
2025-06-09 13:00:22,726 - StrategySelector - INFO - 计算策略最终权重
2025-06-09 13:00:22,727 - StrategySelector - INFO - 策略权重计算结果:
2025-06-09 13:00:22,727 - StrategySelector - INFO -   - trend_following: 0.33
2025-06-09 13:00:22,728 - StrategySelector - INFO -   - breakout: 0.33
2025-06-09 13:00:22,729 - StrategySelector - INFO -   - momentum: 0.33
2025-06-09 13:00:22,729 - StrategySelector - INFO - 选择的主策略: trend_following, 权重: 0.33
2025-06-09 13:00:22,729 - SignalEvaluator - INFO - 开始评估交易信号: 方向=1, 环境=强势上升趋势
2025-06-09 13:00:23,822 - SmartDailyReport - INFO - 已生成 ADBE 图表: ADBE_analysis_20250609.png
2025-06-09 13:00:23,823 - SmartDailyReport - INFO - ADBE 分析完成 - 环境: 强势上升趋势, 信号质量: 0.57, 数据质量: 74分
2025-06-09 13:00:23,824 - SmartDailyReport - INFO - 开始分析 MSFT
2025-06-09 13:00:23,825 - SmartDailyReport - INFO - 获取 MSFT 数据，时间范围: 2024-05-05 到 2025-06-09
2025-06-09 13:00:23,842 - SmartDailyReport - INFO - MSFT 数据较新（3天前）
2025-06-09 13:00:23,863 - MarketClassifier - INFO - 开始对市场环境进行分类...
2025-06-09 13:00:24,107 - MarketClassifier - INFO - 环境分类完成: 强势上升趋势, 置信度: nan
2025-06-09 13:00:24,108 - StrategySelector - INFO - 开始选择最佳策略...
2025-06-09 13:00:24,108 - MarketClassifier - INFO - 开始对市场环境进行分类...
2025-06-09 13:00:24,373 - MarketClassifier - INFO - 环境分类完成: 强势上升趋势, 置信度: nan
2025-06-09 13:00:24,373 - StrategySelector - INFO - 当前市场环境: 强势上升趋势, 置信度: nan
2025-06-09 13:00:24,374 - StrategySelector - INFO - 适合当前环境的策略: ['trend_following', 'breakout', 'momentum']
2025-06-09 13:00:24,374 - StrategySelector - INFO - 评估策略在环境 强势上升趋势 中的历史表现
2025-06-09 13:00:24,375 - StrategySelector - INFO -   - trend_following: 样本数不足，使用默认分数=0.50
2025-06-09 13:00:24,375 - StrategySelector - INFO -   - breakout: 样本数不足，使用默认分数=0.50
2025-06-09 13:00:24,376 - StrategySelector - INFO -   - momentum: 样本数不足，使用默认分数=0.50
2025-06-09 13:00:24,376 - StrategySelector - INFO - 策略评分:
2025-06-09 13:00:24,377 - StrategySelector - INFO -   - trend_following: 0.50
2025-06-09 13:00:24,377 - StrategySelector - INFO -   - breakout: 0.50
2025-06-09 13:00:24,378 - StrategySelector - INFO -   - momentum: 0.50
2025-06-09 13:00:24,379 - StrategySelector - INFO - 计算策略最终权重
2025-06-09 13:00:24,379 - StrategySelector - INFO - 策略权重计算结果:
2025-06-09 13:00:24,380 - StrategySelector - INFO -   - trend_following: 0.33
2025-06-09 13:00:24,381 - StrategySelector - INFO -   - breakout: 0.33
2025-06-09 13:00:24,381 - StrategySelector - INFO -   - momentum: 0.33
2025-06-09 13:00:24,382 - StrategySelector - INFO - 选择的主策略: trend_following, 权重: 0.33
2025-06-09 13:00:24,384 - SignalEvaluator - INFO - 开始评估交易信号: 方向=1, 环境=强势上升趋势
2025-06-09 13:00:25,480 - SmartDailyReport - INFO - 已生成 MSFT 图表: MSFT_analysis_20250609.png
2025-06-09 13:00:25,481 - SmartDailyReport - INFO - MSFT 分析完成 - 环境: 强势上升趋势, 信号质量: 0.57, 数据质量: 74分
2025-06-09 13:00:25,667 - SmartDailyReport - INFO - 日报生成完成: 智能股票日报_20250609_1300.html
2025-06-09 13:00:25,847 - SmartDailyEmailSender - INFO - 📄 从文件读取报告内容: 智能股票日报_20250609_1300.html
2025-06-09 13:00:25,847 - SmartDailyEmailSender - INFO - 准备发送邮件: 📊 智能投资组合日报 - 2025年06月09日 (7只股票分析)
2025-06-09 13:00:25,965 - SmartDailyEmailSender - INFO - 正在连接SMTP服务器...
2025-06-09 13:00:26,898 - SmartDailyEmailSender - INFO - 正在启动TLS加密...
2025-06-09 13:00:27,265 - SmartDailyEmailSender - INFO - 正在登录SMTP服务器...
2025-06-09 13:00:27,486 - SmartDailyEmailSender - INFO - 正在发送邮件...
2025-06-09 13:00:31,621 - SmartDailyEmailSender - INFO - ✅ 邮件发送成功: 📊 智能投资组合日报 - 2025年06月09日 (7只股票分析)
2025-06-09 13:00:31,622 - SmartDailyEmailSender - INFO - ✅ 每日智能报告发送成功！
2025-06-09 13:00:31,622 - SmartDailyEmailSender - INFO - 📈 发送总结:
2025-06-09 13:00:31,622 - SmartDailyEmailSender - INFO -   - 发送时间: 2025-06-09 13:00:31
2025-06-09 13:00:31,622 - SmartDailyEmailSender - INFO -   - 持仓股票: ['AMD', 'GOOGL', 'PFE', 'NVDA', 'TSLA', 'ADBE']
2025-06-09 13:00:31,622 - SmartDailyEmailSender - INFO -   - 观察股票: ['MSFT']
2025-06-09 13:00:31,622 - SmartDailyEmailSender - INFO -   - 总投资金额: $23,249.52
2025-06-09 13:00:31,622 - SmartDailyEmailSender - INFO -   - 投资组合配置: 88.04%
2025-06-09 13:00:31,632 - EmailSystemTest - INFO - ✅ 完整日报生成并发送成功
2025-06-09 13:00:31,633 - EmailSystemTest - INFO - 
⏰ 测试3: 定时任务配置验证
2025-06-09 13:00:31,634 - EmailSystemTest - INFO - ==================================================
2025-06-09 13:00:31,634 - SmartDailyEmailSender - INFO - ⏰ 每日智能报告定时任务已设置
2025-06-09 13:00:31,634 - SmartDailyEmailSender - INFO - 📅 发送时间: 周一至周五 早上6:00 (北京时间)
2025-06-09 13:00:31,637 - SmartDailyEmailSender - INFO - 📈 这相当于美股收盘后约2小时
2025-06-09 13:00:31,638 - EmailSystemTest - INFO - ✅ 定时任务配置成功
2025-06-09 13:00:31,639 - EmailSystemTest - INFO - 
📋 当前系统配置:
2025-06-09 13:00:31,639 - EmailSystemTest - INFO -   - 持仓股票: 6 只
2025-06-09 13:00:31,639 - EmailSystemTest - ERROR - ❌ 定时任务配置失败: 'SmartDailyReportGenerator' object has no attribute 'watch_stocks'
2025-06-09 13:00:31,639 - EmailSystemTest - ERROR - ❌ 测试失败，请检查配置和网络连接
2025-06-09 13:07:09,014 - EmailSystemTest - INFO - 🎯 开始测试智能日报邮件系统...
2025-06-09 13:07:09,014 - EmailSystemTest - INFO - 📧 初始化邮件发送器...
2025-06-09 13:07:09,014 - SmartDailyReport - INFO - 尝试连接MySQL数据库...
2025-06-09 13:07:09,115 - SmartDailyReport - INFO - ✅ MySQL数据库连接成功
2025-06-09 13:07:09,115 - MarketClassifier - INFO - 初始化市场环境分类器
2025-06-09 13:07:09,115 - StrategySelector - INFO - 初始化动态策略选择器
2025-06-09 13:07:09,115 - MarketClassifier - INFO - 初始化市场环境分类器
2025-06-09 13:07:09,115 - StrategySelector - INFO - 策略表现历史文件不存在，将创建新文件
2025-06-09 13:07:09,115 - StrategySelector - INFO - 动态策略选择器初始化完成，已加载 5 个可用策略
2025-06-09 13:07:09,115 - SignalEvaluator - INFO - 初始化信号质量评估器
2025-06-09 13:07:09,115 - SignalEvaluator - INFO - 配置参数: {'quality_threshold': 0.6, 'weights': {'technical_consistency': 0.25, 'environment_fit': 0.2, 'timeframe_confirmation': 0.2, 'volume_support': 0.15, 'risk_reward': 0.2}, 'min_consistent_indicators': 3, 'indicator_groups': {'trend': ['sma_crossover', 'macd', 'adx', 'supertrend'], 'momentum': ['rsi', 'stochastic', 'cci', 'mfi'], 'volatility': ['bollinger_bands', 'atr', 'keltner_channels'], 'support_resistance': ['pivot_points', 'fibonacci', 'price_channels']}, 'timeframes': ['daily', 'weekly', '4h', '1h'], 'timeframe_weights': {'daily': 0.4, 'weekly': 0.3, '4h': 0.2, '1h': 0.1}, 'min_reward_risk_ratio': 2.0, 'optimal_reward_risk_ratio': 3.0, 'enable_volume_filter': True, 'volume_threshold': 1.5, 'adaptive_threshold': True, 'market_regime_thresholds': {<MarketEnvironment.STRONG_UPTREND: '强势上升趋势'>: 0.55, <MarketEnvironment.WEAK_UPTREND: '弱势上升趋势'>: 0.6, <MarketEnvironment.STRONG_DOWNTREND: '强势下降趋势'>: 0.65, <MarketEnvironment.WEAK_DOWNTREND: '弱势下降趋势'>: 0.65, <MarketEnvironment.RANGE_BOUND: '区间震荡'>: 0.7, <MarketEnvironment.CHOPPY: '混沌无序'>: 0.75, <MarketEnvironment.UNKNOWN: '未知状态'>: 0.7}}
2025-06-09 13:07:09,115 - AlertSystem - INFO - 初始化高级提醒系统
2025-06-09 13:07:09,115 - MarketClassifier - INFO - 初始化市场环境分类器
2025-06-09 13:07:09,115 - StrategySelector - INFO - 初始化动态策略选择器
2025-06-09 13:07:09,115 - MarketClassifier - INFO - 初始化市场环境分类器
2025-06-09 13:07:09,115 - StrategySelector - INFO - 策略表现历史文件不存在，将创建新文件
2025-06-09 13:07:09,115 - StrategySelector - INFO - 动态策略选择器初始化完成，已加载 5 个可用策略
2025-06-09 13:07:09,115 - SignalEvaluator - INFO - 初始化信号质量评估器
2025-06-09 13:07:09,115 - SignalEvaluator - INFO - 配置参数: {'quality_threshold': 0.6, 'weights': {'technical_consistency': 0.25, 'environment_fit': 0.2, 'timeframe_confirmation': 0.2, 'volume_support': 0.15, 'risk_reward': 0.2}, 'min_consistent_indicators': 3, 'indicator_groups': {'trend': ['sma_crossover', 'macd', 'adx', 'supertrend'], 'momentum': ['rsi', 'stochastic', 'cci', 'mfi'], 'volatility': ['bollinger_bands', 'atr', 'keltner_channels'], 'support_resistance': ['pivot_points', 'fibonacci', 'price_channels']}, 'timeframes': ['daily', 'weekly', '4h', '1h'], 'timeframe_weights': {'daily': 0.4, 'weekly': 0.3, '4h': 0.2, '1h': 0.1}, 'min_reward_risk_ratio': 2.0, 'optimal_reward_risk_ratio': 3.0, 'enable_volume_filter': True, 'volume_threshold': 1.5, 'adaptive_threshold': True, 'market_regime_thresholds': {<MarketEnvironment.STRONG_UPTREND: '强势上升趋势'>: 0.55, <MarketEnvironment.WEAK_UPTREND: '弱势上升趋势'>: 0.6, <MarketEnvironment.STRONG_DOWNTREND: '强势下降趋势'>: 0.65, <MarketEnvironment.WEAK_DOWNTREND: '弱势下降趋势'>: 0.65, <MarketEnvironment.RANGE_BOUND: '区间震荡'>: 0.7, <MarketEnvironment.CHOPPY: '混沌无序'>: 0.75, <MarketEnvironment.UNKNOWN: '未知状态'>: 0.7}}
2025-06-09 13:07:09,129 - AlertSystem - INFO - 高级提醒系统配置: {'min_quality_score': 0.6, 'enable_notification_manager': True, 'risk_management_alerts': True, 'max_alerts_per_day': 10, 'alert_cooldown_minutes': 60, 'signal_quality_thresholds': {<AlertLevel.CRITICAL: '紧急'>: 0.85, <AlertLevel.HIGH: '重要'>: 0.75, <AlertLevel.MEDIUM: '一般'>: 0.65, <AlertLevel.LOW: '提示'>: 0.0}}
2025-06-09 13:07:09,131 - SmartDailyReport - INFO - 成功设置字体: SimHei
2025-06-09 13:07:09,132 - SmartDailyReport - INFO - 智能日报生成器初始化完成，关注 7 只股票，数据源: MySQL数据库
2025-06-09 13:07:09,133 - SmartDailyEmailSender - INFO - ✅ 智能日报邮件发送器初始化成功
2025-06-09 13:07:09,134 - EmailSystemTest - INFO - 
📧 测试1: 发送系统测试邮件
2025-06-09 13:07:09,134 - EmailSystemTest - INFO - ==================================================
2025-06-09 13:07:09,135 - SmartDailyEmailSender - INFO - 📧 发送测试邮件...
2025-06-09 13:07:09,135 - SmartDailyEmailSender - INFO - 准备发送邮件: 🧪 智能日报系统测试邮件
2025-06-09 13:07:09,136 - SmartDailyEmailSender - INFO - 正在连接SMTP服务器...
2025-06-09 13:07:10,090 - SmartDailyEmailSender - INFO - 正在启动TLS加密...
2025-06-09 13:07:10,206 - SmartDailyEmailSender - INFO - 正在登录SMTP服务器...
2025-06-09 13:07:10,420 - SmartDailyEmailSender - INFO - 正在发送邮件...
2025-06-09 13:07:11,077 - SmartDailyEmailSender - INFO - ✅ 邮件发送成功: 🧪 智能日报系统测试邮件
2025-06-09 13:07:11,078 - SmartDailyEmailSender - INFO - ✅ 测试邮件发送成功！
2025-06-09 13:07:11,079 - EmailSystemTest - INFO - ✅ 测试邮件发送成功
2025-06-09 13:07:11,080 - EmailSystemTest - INFO - 
📊 测试2: 生成并发送完整智能日报
2025-06-09 13:07:11,081 - EmailSystemTest - INFO - ==================================================
2025-06-09 13:07:11,082 - SmartDailyEmailSender - INFO - 🚀 立即执行一次智能日报生成...
2025-06-09 13:07:11,083 - SmartDailyEmailSender - INFO - 🚀 开始生成每日智能报告...
2025-06-09 13:07:11,084 - SmartDailyReport - INFO - 开始生成智能日报...
2025-06-09 13:07:11,084 - SmartDailyReport - INFO - 开始更新市场数据...
2025-06-09 13:07:11,085 - data.data_updater - INFO - 开始增量更新 7 只股票的数据
2025-06-09 13:07:11,091 - data.data_updater - INFO - 处理股票 AMD，最后更新时间: 2025-06-06 00:00:00
2025-06-09 13:07:11,091 - data.data_updater - INFO - 股票 AMD 的数据已更新 3 天 13 小时前
2025-06-09 13:07:11,092 - data.data_updater - INFO - 股票 AMD 的最后更新日期为: 2025-06-06 00:00:00
2025-06-09 13:07:11,093 - data.data_updater - INFO - 将获取股票 AMD 从 2025-06-07 到 2025-06-09 的数据
2025-06-09 13:07:12,192 - data.data_updater - WARNING - 未获取到股票 AMD 的新数据
2025-06-09 13:07:12,195 - data.data_updater - INFO - 处理股票 GOOGL，最后更新时间: 2025-06-06 00:00:00
2025-06-09 13:07:12,196 - data.data_updater - INFO - 股票 GOOGL 的数据已更新 3 天 13 小时前
2025-06-09 13:07:12,196 - data.data_updater - INFO - 股票 GOOGL 的最后更新日期为: 2025-06-06 00:00:00
2025-06-09 13:07:12,197 - data.data_updater - INFO - 将获取股票 GOOGL 从 2025-06-07 到 2025-06-09 的数据
2025-06-09 13:07:12,355 - data.data_updater - WARNING - 未获取到股票 GOOGL 的新数据
2025-06-09 13:07:12,355 - data.data_updater - INFO - 处理股票 PFE，最后更新时间: 2025-06-06 00:00:00
2025-06-09 13:07:12,355 - data.data_updater - INFO - 股票 PFE 的数据已更新 3 天 13 小时前
2025-06-09 13:07:12,355 - data.data_updater - INFO - 股票 PFE 的最后更新日期为: 2025-06-06 00:00:00
2025-06-09 13:07:12,355 - data.data_updater - INFO - 将获取股票 PFE 从 2025-06-07 到 2025-06-09 的数据
2025-06-09 13:07:12,589 - data.data_updater - WARNING - 未获取到股票 PFE 的新数据
2025-06-09 13:07:12,589 - data.data_updater - INFO - 处理股票 NVDA，最后更新时间: 2025-06-06 00:00:00
2025-06-09 13:07:12,589 - data.data_updater - INFO - 股票 NVDA 的数据已更新 3 天 13 小时前
2025-06-09 13:07:12,589 - data.data_updater - INFO - 股票 NVDA 的最后更新日期为: 2025-06-06 00:00:00
2025-06-09 13:07:12,589 - data.data_updater - INFO - 将获取股票 NVDA 从 2025-06-07 到 2025-06-09 的数据
2025-06-09 13:07:12,761 - data.data_updater - WARNING - 未获取到股票 NVDA 的新数据
2025-06-09 13:07:12,761 - data.data_updater - INFO - 处理股票 TSLA，最后更新时间: 2025-06-06 00:00:00
2025-06-09 13:07:12,761 - data.data_updater - INFO - 股票 TSLA 的数据已更新 3 天 13 小时前
2025-06-09 13:07:12,761 - data.data_updater - INFO - 股票 TSLA 的最后更新日期为: 2025-06-06 00:00:00
2025-06-09 13:07:12,761 - data.data_updater - INFO - 将获取股票 TSLA 从 2025-06-07 到 2025-06-09 的数据
2025-06-09 13:07:13,155 - data.data_updater - WARNING - 未获取到股票 TSLA 的新数据
2025-06-09 13:07:13,158 - data.data_updater - INFO - 处理股票 ADBE，最后更新时间: 2025-06-06 00:00:00
2025-06-09 13:07:13,159 - data.data_updater - INFO - 股票 ADBE 的数据已更新 3 天 13 小时前
2025-06-09 13:07:13,159 - data.data_updater - INFO - 股票 ADBE 的最后更新日期为: 2025-06-06 00:00:00
2025-06-09 13:07:13,160 - data.data_updater - INFO - 将获取股票 ADBE 从 2025-06-07 到 2025-06-09 的数据
2025-06-09 13:07:13,416 - data.data_updater - WARNING - 未获取到股票 ADBE 的新数据
2025-06-09 13:07:13,419 - data.data_updater - INFO - 处理股票 MSFT，最后更新时间: 2025-06-06 00:00:00
2025-06-09 13:07:13,420 - data.data_updater - INFO - 股票 MSFT 的数据已更新 3 天 13 小时前
2025-06-09 13:07:13,420 - data.data_updater - INFO - 股票 MSFT 的最后更新日期为: 2025-06-06 00:00:00
2025-06-09 13:07:13,421 - data.data_updater - INFO - 将获取股票 MSFT 从 2025-06-07 到 2025-06-09 的数据
2025-06-09 13:07:13,630 - data.data_updater - WARNING - 未获取到股票 MSFT 的新数据
2025-06-09 13:07:13,630 - data.data_updater - INFO - 更新完成: 总计 7 只股票, 更新 0 只, 跳过 0 只, 失败 7 只, 共新增 0 条记录
2025-06-09 13:07:13,632 - SmartDailyReport - ERROR - 数据更新失败: 'success'
2025-06-09 13:07:13,632 - SmartDailyReport - INFO - 将使用现有数据生成报告
2025-06-09 13:07:13,633 - SmartDailyReport - INFO - 开始分析 AMD
2025-06-09 13:07:13,634 - SmartDailyReport - INFO - 获取 AMD 数据，时间范围: 2024-05-05 到 2025-06-09
2025-06-09 13:07:13,679 - SmartDailyReport - INFO - AMD 数据较新（3天前）
2025-06-09 13:07:13,696 - MarketClassifier - INFO - 开始对市场环境进行分类...
2025-06-09 13:07:13,933 - MarketClassifier - INFO - 环境分类完成: 强势上升趋势, 置信度: nan
2025-06-09 13:07:13,934 - StrategySelector - INFO - 开始选择最佳策略...
2025-06-09 13:07:13,934 - MarketClassifier - INFO - 开始对市场环境进行分类...
2025-06-09 13:07:14,181 - MarketClassifier - INFO - 环境分类完成: 强势上升趋势, 置信度: nan
2025-06-09 13:07:14,181 - StrategySelector - INFO - 当前市场环境: 强势上升趋势, 置信度: nan
2025-06-09 13:07:14,181 - StrategySelector - INFO - 适合当前环境的策略: ['trend_following', 'breakout', 'momentum']
2025-06-09 13:07:14,181 - StrategySelector - INFO - 评估策略在环境 强势上升趋势 中的历史表现
2025-06-09 13:07:14,181 - StrategySelector - INFO -   - trend_following: 样本数不足，使用默认分数=0.50
2025-06-09 13:07:14,181 - StrategySelector - INFO -   - breakout: 样本数不足，使用默认分数=0.50
2025-06-09 13:07:14,181 - StrategySelector - INFO -   - momentum: 样本数不足，使用默认分数=0.50
2025-06-09 13:07:14,181 - StrategySelector - INFO - 策略评分:
2025-06-09 13:07:14,181 - StrategySelector - INFO -   - trend_following: 0.50
2025-06-09 13:07:14,181 - StrategySelector - INFO -   - breakout: 0.50
2025-06-09 13:07:14,181 - StrategySelector - INFO -   - momentum: 0.50
2025-06-09 13:07:14,181 - StrategySelector - INFO - 计算策略最终权重
2025-06-09 13:07:14,181 - StrategySelector - INFO - 策略权重计算结果:
2025-06-09 13:07:14,181 - StrategySelector - INFO -   - trend_following: 0.33
2025-06-09 13:07:14,181 - StrategySelector - INFO -   - breakout: 0.33
2025-06-09 13:07:14,181 - StrategySelector - INFO -   - momentum: 0.33
2025-06-09 13:07:14,191 - StrategySelector - INFO - 选择的主策略: trend_following, 权重: 0.33
2025-06-09 13:07:14,192 - SignalEvaluator - INFO - 开始评估交易信号: 方向=1, 环境=强势上升趋势
2025-06-09 13:07:15,480 - SmartDailyReport - INFO - 已生成 AMD 图表: AMD_analysis_20250609.png
2025-06-09 13:07:15,480 - SmartDailyReport - INFO - AMD 分析完成 - 环境: 强势上升趋势, 信号质量: 0.56, 数据质量: 74分
2025-06-09 13:07:15,482 - SmartDailyReport - INFO - 开始分析 GOOGL
2025-06-09 13:07:15,482 - SmartDailyReport - INFO - 获取 GOOGL 数据，时间范围: 2024-05-05 到 2025-06-09
2025-06-09 13:07:15,512 - SmartDailyReport - INFO - GOOGL 数据较新（3天前）
2025-06-09 13:07:15,523 - MarketClassifier - INFO - 开始对市场环境进行分类...
2025-06-09 13:07:15,760 - MarketClassifier - INFO - 环境分类完成: 强势上升趋势, 置信度: nan
2025-06-09 13:07:15,760 - StrategySelector - INFO - 开始选择最佳策略...
2025-06-09 13:07:15,761 - MarketClassifier - INFO - 开始对市场环境进行分类...
2025-06-09 13:07:16,009 - MarketClassifier - INFO - 环境分类完成: 强势上升趋势, 置信度: nan
2025-06-09 13:07:16,009 - StrategySelector - INFO - 当前市场环境: 强势上升趋势, 置信度: nan
2025-06-09 13:07:16,010 - StrategySelector - INFO - 适合当前环境的策略: ['trend_following', 'breakout', 'momentum']
2025-06-09 13:07:16,011 - StrategySelector - INFO - 评估策略在环境 强势上升趋势 中的历史表现
2025-06-09 13:07:16,011 - StrategySelector - INFO -   - trend_following: 样本数不足，使用默认分数=0.50
2025-06-09 13:07:16,012 - StrategySelector - INFO -   - breakout: 样本数不足，使用默认分数=0.50
2025-06-09 13:07:16,012 - StrategySelector - INFO -   - momentum: 样本数不足，使用默认分数=0.50
2025-06-09 13:07:16,013 - StrategySelector - INFO - 策略评分:
2025-06-09 13:07:16,013 - StrategySelector - INFO -   - trend_following: 0.50
2025-06-09 13:07:16,014 - StrategySelector - INFO -   - breakout: 0.50
2025-06-09 13:07:16,015 - StrategySelector - INFO -   - momentum: 0.50
2025-06-09 13:07:16,016 - StrategySelector - INFO - 计算策略最终权重
2025-06-09 13:07:16,017 - StrategySelector - INFO - 策略权重计算结果:
2025-06-09 13:07:16,018 - StrategySelector - INFO -   - trend_following: 0.33
2025-06-09 13:07:16,018 - StrategySelector - INFO -   - breakout: 0.33
2025-06-09 13:07:16,019 - StrategySelector - INFO -   - momentum: 0.33
2025-06-09 13:07:16,020 - StrategySelector - INFO - 选择的主策略: trend_following, 权重: 0.33
2025-06-09 13:07:16,021 - SignalEvaluator - INFO - 开始评估交易信号: 方向=1, 环境=强势上升趋势
2025-06-09 13:07:17,121 - SmartDailyReport - INFO - 已生成 GOOGL 图表: GOOGL_analysis_20250609.png
2025-06-09 13:07:17,121 - SmartDailyReport - INFO - GOOGL 分析完成 - 环境: 强势上升趋势, 信号质量: 0.71, 数据质量: 74分
2025-06-09 13:07:17,121 - SmartDailyReport - INFO - 开始分析 PFE
2025-06-09 13:07:17,121 - SmartDailyReport - INFO - 获取 PFE 数据，时间范围: 2024-05-05 到 2025-06-09
2025-06-09 13:07:17,153 - SmartDailyReport - INFO - PFE 数据较新（3天前）
2025-06-09 13:07:17,173 - MarketClassifier - INFO - 开始对市场环境进行分类...
2025-06-09 13:07:17,414 - MarketClassifier - INFO - 环境分类完成: 强势上升趋势, 置信度: nan
2025-06-09 13:07:17,414 - StrategySelector - INFO - 开始选择最佳策略...
2025-06-09 13:07:17,414 - MarketClassifier - INFO - 开始对市场环境进行分类...
2025-06-09 13:07:17,683 - MarketClassifier - INFO - 环境分类完成: 强势上升趋势, 置信度: nan
2025-06-09 13:07:17,683 - StrategySelector - INFO - 当前市场环境: 强势上升趋势, 置信度: nan
2025-06-09 13:07:17,683 - StrategySelector - INFO - 适合当前环境的策略: ['trend_following', 'breakout', 'momentum']
2025-06-09 13:07:17,683 - StrategySelector - INFO - 评估策略在环境 强势上升趋势 中的历史表现
2025-06-09 13:07:17,683 - StrategySelector - INFO -   - trend_following: 样本数不足，使用默认分数=0.50
2025-06-09 13:07:17,683 - StrategySelector - INFO -   - breakout: 样本数不足，使用默认分数=0.50
2025-06-09 13:07:17,683 - StrategySelector - INFO -   - momentum: 样本数不足，使用默认分数=0.50
2025-06-09 13:07:17,683 - StrategySelector - INFO - 策略评分:
2025-06-09 13:07:17,691 - StrategySelector - INFO -   - trend_following: 0.50
2025-06-09 13:07:17,691 - StrategySelector - INFO -   - breakout: 0.50
2025-06-09 13:07:17,692 - StrategySelector - INFO -   - momentum: 0.50
2025-06-09 13:07:17,693 - StrategySelector - INFO - 计算策略最终权重
2025-06-09 13:07:17,694 - StrategySelector - INFO - 策略权重计算结果:
2025-06-09 13:07:17,695 - StrategySelector - INFO -   - trend_following: 0.33
2025-06-09 13:07:17,696 - StrategySelector - INFO -   - breakout: 0.33
2025-06-09 13:07:17,697 - StrategySelector - INFO -   - momentum: 0.33
2025-06-09 13:07:17,697 - StrategySelector - INFO - 选择的主策略: trend_following, 权重: 0.33
2025-06-09 13:07:17,699 - SignalEvaluator - INFO - 开始评估交易信号: 方向=1, 环境=强势上升趋势
2025-06-09 13:07:18,809 - SmartDailyReport - INFO - 已生成 PFE 图表: PFE_analysis_20250609.png
2025-06-09 13:07:18,810 - SmartDailyReport - INFO - PFE 分析完成 - 环境: 强势上升趋势, 信号质量: 0.70, 数据质量: 74分
2025-06-09 13:07:18,811 - SmartDailyReport - INFO - 开始分析 NVDA
2025-06-09 13:07:18,812 - SmartDailyReport - INFO - 获取 NVDA 数据，时间范围: 2024-05-05 到 2025-06-09
2025-06-09 13:07:18,842 - SmartDailyReport - INFO - NVDA 数据较新（3天前）
2025-06-09 13:07:18,853 - MarketClassifier - INFO - 开始对市场环境进行分类...
2025-06-09 13:07:19,080 - MarketClassifier - INFO - 环境分类完成: 强势上升趋势, 置信度: nan
2025-06-09 13:07:19,095 - StrategySelector - INFO - 开始选择最佳策略...
2025-06-09 13:07:19,095 - MarketClassifier - INFO - 开始对市场环境进行分类...
2025-06-09 13:07:19,377 - MarketClassifier - INFO - 环境分类完成: 强势上升趋势, 置信度: nan
2025-06-09 13:07:19,378 - StrategySelector - INFO - 当前市场环境: 强势上升趋势, 置信度: nan
2025-06-09 13:07:19,379 - StrategySelector - INFO - 适合当前环境的策略: ['trend_following', 'breakout', 'momentum']
2025-06-09 13:07:19,379 - StrategySelector - INFO - 评估策略在环境 强势上升趋势 中的历史表现
2025-06-09 13:07:19,380 - StrategySelector - INFO -   - trend_following: 样本数不足，使用默认分数=0.50
2025-06-09 13:07:19,381 - StrategySelector - INFO -   - breakout: 样本数不足，使用默认分数=0.50
2025-06-09 13:07:19,382 - StrategySelector - INFO -   - momentum: 样本数不足，使用默认分数=0.50
2025-06-09 13:07:19,382 - StrategySelector - INFO - 策略评分:
2025-06-09 13:07:19,383 - StrategySelector - INFO -   - trend_following: 0.50
2025-06-09 13:07:19,384 - StrategySelector - INFO -   - breakout: 0.50
2025-06-09 13:07:19,385 - StrategySelector - INFO -   - momentum: 0.50
2025-06-09 13:07:19,386 - StrategySelector - INFO - 计算策略最终权重
2025-06-09 13:07:19,386 - StrategySelector - INFO - 策略权重计算结果:
2025-06-09 13:07:19,387 - StrategySelector - INFO -   - trend_following: 0.33
2025-06-09 13:07:19,388 - StrategySelector - INFO -   - breakout: 0.33
2025-06-09 13:07:19,389 - StrategySelector - INFO -   - momentum: 0.33
2025-06-09 13:07:19,389 - StrategySelector - INFO - 选择的主策略: trend_following, 权重: 0.33
2025-06-09 13:07:19,390 - SignalEvaluator - INFO - 开始评估交易信号: 方向=1, 环境=强势上升趋势
2025-06-09 13:07:20,500 - SmartDailyReport - INFO - 已生成 NVDA 图表: NVDA_analysis_20250609.png
2025-06-09 13:07:20,501 - SmartDailyReport - INFO - NVDA 分析完成 - 环境: 强势上升趋势, 信号质量: 0.70, 数据质量: 74分
2025-06-09 13:07:20,502 - SmartDailyReport - INFO - 开始分析 TSLA
2025-06-09 13:07:20,503 - SmartDailyReport - INFO - 获取 TSLA 数据，时间范围: 2024-05-05 到 2025-06-09
2025-06-09 13:07:20,544 - SmartDailyReport - INFO - TSLA 数据较新（3天前）
2025-06-09 13:07:20,567 - MarketClassifier - INFO - 开始对市场环境进行分类...
2025-06-09 13:07:20,803 - MarketClassifier - INFO - 环境分类完成: 强势上升趋势, 置信度: nan
2025-06-09 13:07:20,803 - StrategySelector - INFO - 开始选择最佳策略...
2025-06-09 13:07:20,803 - MarketClassifier - INFO - 开始对市场环境进行分类...
2025-06-09 13:07:21,058 - MarketClassifier - INFO - 环境分类完成: 强势上升趋势, 置信度: nan
2025-06-09 13:07:21,059 - StrategySelector - INFO - 当前市场环境: 强势上升趋势, 置信度: nan
2025-06-09 13:07:21,059 - StrategySelector - INFO - 适合当前环境的策略: ['trend_following', 'breakout', 'momentum']
2025-06-09 13:07:21,060 - StrategySelector - INFO - 评估策略在环境 强势上升趋势 中的历史表现
2025-06-09 13:07:21,061 - StrategySelector - INFO -   - trend_following: 样本数不足，使用默认分数=0.50
2025-06-09 13:07:21,061 - StrategySelector - INFO -   - breakout: 样本数不足，使用默认分数=0.50
2025-06-09 13:07:21,062 - StrategySelector - INFO -   - momentum: 样本数不足，使用默认分数=0.50
2025-06-09 13:07:21,062 - StrategySelector - INFO - 策略评分:
2025-06-09 13:07:21,063 - StrategySelector - INFO -   - trend_following: 0.50
2025-06-09 13:07:21,063 - StrategySelector - INFO -   - breakout: 0.50
2025-06-09 13:07:21,064 - StrategySelector - INFO -   - momentum: 0.50
2025-06-09 13:07:21,065 - StrategySelector - INFO - 计算策略最终权重
2025-06-09 13:07:21,065 - StrategySelector - INFO - 策略权重计算结果:
2025-06-09 13:07:21,066 - StrategySelector - INFO -   - trend_following: 0.33
2025-06-09 13:07:21,066 - StrategySelector - INFO -   - breakout: 0.33
2025-06-09 13:07:21,066 - StrategySelector - INFO -   - momentum: 0.33
2025-06-09 13:07:21,067 - StrategySelector - INFO - 选择的主策略: trend_following, 权重: 0.33
2025-06-09 13:07:21,068 - SignalEvaluator - INFO - 开始评估交易信号: 方向=1, 环境=强势上升趋势
2025-06-09 13:07:22,223 - SmartDailyReport - INFO - 已生成 TSLA 图表: TSLA_analysis_20250609.png
2025-06-09 13:07:22,224 - SmartDailyReport - INFO - TSLA 分析完成 - 环境: 强势上升趋势, 信号质量: 0.56, 数据质量: 74分
2025-06-09 13:07:22,225 - SmartDailyReport - INFO - 开始分析 ADBE
2025-06-09 13:07:22,225 - SmartDailyReport - INFO - 获取 ADBE 数据，时间范围: 2024-05-05 到 2025-06-09
2025-06-09 13:07:22,244 - SmartDailyReport - INFO - ADBE 数据较新（3天前）
2025-06-09 13:07:22,255 - MarketClassifier - INFO - 开始对市场环境进行分类...
2025-06-09 13:07:22,491 - MarketClassifier - INFO - 环境分类完成: 强势上升趋势, 置信度: nan
2025-06-09 13:07:22,492 - StrategySelector - INFO - 开始选择最佳策略...
2025-06-09 13:07:22,493 - MarketClassifier - INFO - 开始对市场环境进行分类...
2025-06-09 13:07:22,770 - MarketClassifier - INFO - 环境分类完成: 强势上升趋势, 置信度: nan
2025-06-09 13:07:22,771 - StrategySelector - INFO - 当前市场环境: 强势上升趋势, 置信度: nan
2025-06-09 13:07:22,771 - StrategySelector - INFO - 适合当前环境的策略: ['trend_following', 'breakout', 'momentum']
2025-06-09 13:07:22,772 - StrategySelector - INFO - 评估策略在环境 强势上升趋势 中的历史表现
2025-06-09 13:07:22,773 - StrategySelector - INFO -   - trend_following: 样本数不足，使用默认分数=0.50
2025-06-09 13:07:22,774 - StrategySelector - INFO -   - breakout: 样本数不足，使用默认分数=0.50
2025-06-09 13:07:22,774 - StrategySelector - INFO -   - momentum: 样本数不足，使用默认分数=0.50
2025-06-09 13:07:22,775 - StrategySelector - INFO - 策略评分:
2025-06-09 13:07:22,775 - StrategySelector - INFO -   - trend_following: 0.50
2025-06-09 13:07:22,776 - StrategySelector - INFO -   - breakout: 0.50
2025-06-09 13:07:22,776 - StrategySelector - INFO -   - momentum: 0.50
2025-06-09 13:07:22,777 - StrategySelector - INFO - 计算策略最终权重
2025-06-09 13:07:22,777 - StrategySelector - INFO - 策略权重计算结果:
2025-06-09 13:07:22,778 - StrategySelector - INFO -   - trend_following: 0.33
2025-06-09 13:07:22,779 - StrategySelector - INFO -   - breakout: 0.33
2025-06-09 13:07:22,780 - StrategySelector - INFO -   - momentum: 0.33
2025-06-09 13:07:22,781 - StrategySelector - INFO - 选择的主策略: trend_following, 权重: 0.33
2025-06-09 13:07:22,782 - SignalEvaluator - INFO - 开始评估交易信号: 方向=1, 环境=强势上升趋势
2025-06-09 13:07:23,881 - SmartDailyReport - INFO - 已生成 ADBE 图表: ADBE_analysis_20250609.png
2025-06-09 13:07:23,881 - SmartDailyReport - INFO - ADBE 分析完成 - 环境: 强势上升趋势, 信号质量: 0.57, 数据质量: 74分
2025-06-09 13:07:23,881 - SmartDailyReport - INFO - 开始分析 MSFT
2025-06-09 13:07:23,881 - SmartDailyReport - INFO - 获取 MSFT 数据，时间范围: 2024-05-05 到 2025-06-09
2025-06-09 13:07:23,928 - SmartDailyReport - INFO - MSFT 数据较新（3天前）
2025-06-09 13:07:23,951 - MarketClassifier - INFO - 开始对市场环境进行分类...
2025-06-09 13:07:24,191 - MarketClassifier - INFO - 环境分类完成: 强势上升趋势, 置信度: nan
2025-06-09 13:07:24,192 - StrategySelector - INFO - 开始选择最佳策略...
2025-06-09 13:07:24,192 - MarketClassifier - INFO - 开始对市场环境进行分类...
2025-06-09 13:07:24,443 - MarketClassifier - INFO - 环境分类完成: 强势上升趋势, 置信度: nan
2025-06-09 13:07:24,444 - StrategySelector - INFO - 当前市场环境: 强势上升趋势, 置信度: nan
2025-06-09 13:07:24,444 - StrategySelector - INFO - 适合当前环境的策略: ['trend_following', 'breakout', 'momentum']
2025-06-09 13:07:24,445 - StrategySelector - INFO - 评估策略在环境 强势上升趋势 中的历史表现
2025-06-09 13:07:24,445 - StrategySelector - INFO -   - trend_following: 样本数不足，使用默认分数=0.50
2025-06-09 13:07:24,446 - StrategySelector - INFO -   - breakout: 样本数不足，使用默认分数=0.50
2025-06-09 13:07:24,446 - StrategySelector - INFO -   - momentum: 样本数不足，使用默认分数=0.50
2025-06-09 13:07:24,447 - StrategySelector - INFO - 策略评分:
2025-06-09 13:07:24,447 - StrategySelector - INFO -   - trend_following: 0.50
2025-06-09 13:07:24,448 - StrategySelector - INFO -   - breakout: 0.50
2025-06-09 13:07:24,448 - StrategySelector - INFO -   - momentum: 0.50
2025-06-09 13:07:24,449 - StrategySelector - INFO - 计算策略最终权重
2025-06-09 13:07:24,450 - StrategySelector - INFO - 策略权重计算结果:
2025-06-09 13:07:24,451 - StrategySelector - INFO -   - trend_following: 0.33
2025-06-09 13:07:24,451 - StrategySelector - INFO -   - breakout: 0.33
2025-06-09 13:07:24,452 - StrategySelector - INFO -   - momentum: 0.33
2025-06-09 13:07:24,452 - StrategySelector - INFO - 选择的主策略: trend_following, 权重: 0.33
2025-06-09 13:07:24,453 - SignalEvaluator - INFO - 开始评估交易信号: 方向=1, 环境=强势上升趋势
2025-06-09 13:07:25,527 - SmartDailyReport - INFO - 已生成 MSFT 图表: MSFT_analysis_20250609.png
2025-06-09 13:07:25,527 - SmartDailyReport - INFO - MSFT 分析完成 - 环境: 强势上升趋势, 信号质量: 0.57, 数据质量: 74分
2025-06-09 13:07:25,702 - SmartDailyReport - INFO - 日报生成完成: 智能股票日报_20250609_1307.html
2025-06-09 13:07:25,879 - SmartDailyEmailSender - INFO - 📄 从文件读取报告内容: 智能股票日报_20250609_1307.html
2025-06-09 13:07:25,879 - SmartDailyEmailSender - INFO - 准备发送邮件: 📊 智能投资组合日报 - 2025年06月09日 (7只股票分析)
2025-06-09 13:07:25,965 - SmartDailyEmailSender - INFO - 正在连接SMTP服务器...
2025-06-09 13:07:26,903 - SmartDailyEmailSender - INFO - 正在启动TLS加密...
2025-06-09 13:07:27,055 - SmartDailyEmailSender - INFO - 正在登录SMTP服务器...
2025-06-09 13:07:27,269 - SmartDailyEmailSender - INFO - 正在发送邮件...
2025-06-09 13:07:31,874 - SmartDailyEmailSender - INFO - ✅ 邮件发送成功: 📊 智能投资组合日报 - 2025年06月09日 (7只股票分析)
2025-06-09 13:07:31,876 - SmartDailyEmailSender - INFO - ✅ 每日智能报告发送成功！
2025-06-09 13:07:31,876 - SmartDailyEmailSender - INFO - 📈 发送总结:
2025-06-09 13:07:31,877 - SmartDailyEmailSender - INFO -   - 发送时间: 2025-06-09 13:07:31
2025-06-09 13:07:31,878 - SmartDailyEmailSender - INFO -   - 持仓股票: ['AMD', 'GOOGL', 'PFE', 'NVDA', 'TSLA', 'ADBE']
2025-06-09 13:07:31,879 - SmartDailyEmailSender - INFO -   - 观察股票: ['MSFT']
2025-06-09 13:07:31,879 - SmartDailyEmailSender - INFO -   - 总投资金额: $23,249.52
2025-06-09 13:07:31,879 - SmartDailyEmailSender - INFO -   - 投资组合配置: 88.04%
2025-06-09 13:07:31,881 - EmailSystemTest - INFO - ✅ 完整日报生成并发送成功
2025-06-09 13:07:31,882 - EmailSystemTest - INFO - 
⏰ 测试3: 定时任务配置验证
2025-06-09 13:07:31,883 - EmailSystemTest - INFO - ==================================================
2025-06-09 13:07:31,884 - SmartDailyEmailSender - INFO - ⏰ 每日智能报告定时任务已设置
2025-06-09 13:07:31,885 - SmartDailyEmailSender - INFO - 📅 发送时间: 周一至周五 早上6:00 (北京时间)
2025-06-09 13:07:31,886 - SmartDailyEmailSender - INFO - 📈 这相当于美股收盘后约2小时
2025-06-09 13:07:31,887 - EmailSystemTest - INFO - ✅ 定时任务配置成功
2025-06-09 13:07:31,888 - EmailSystemTest - INFO - 
📋 当前系统配置:
2025-06-09 13:07:31,888 - EmailSystemTest - INFO -   - 持仓股票: 6 只
2025-06-09 13:07:31,889 - EmailSystemTest - INFO -   - 观察股票: 1 只
2025-06-09 13:07:31,889 - EmailSystemTest - INFO -   - 总投资金额: $23,249.52
2025-06-09 13:07:31,891 - EmailSystemTest - INFO -   - 股票配置比例: 88.04%
2025-06-09 13:07:31,892 - EmailSystemTest - INFO -   - 数据源: MySQL数据库
2025-06-09 13:07:31,892 - EmailSystemTest - INFO - 
📅 定时任务设置:
2025-06-09 13:07:31,893 - EmailSystemTest - INFO -   - 发送时间: 周一至周五 早上6:00 (北京时间)
2025-06-09 13:07:31,893 - EmailSystemTest - INFO -   - 对应美股收盘后约2小时
2025-06-09 13:07:31,894 - EmailSystemTest - INFO -   - 避免了夏令时/冬令时的复杂性
2025-06-09 13:07:31,894 - EmailSystemTest - INFO - 
🎉 测试总结
2025-06-09 13:07:31,895 - EmailSystemTest - INFO - ==================================================
2025-06-09 13:07:31,896 - EmailSystemTest - INFO - ✅ 所有测试通过！智能日报邮件系统运行正常
2025-06-09 13:07:31,896 - EmailSystemTest - INFO - 📧 请检查您的邮箱，应该收到以下邮件:
2025-06-09 13:07:31,897 - EmailSystemTest - INFO -   1. 🧪 智能日报系统测试邮件
2025-06-09 13:07:31,897 - EmailSystemTest - INFO -   2. 📊 智能投资组合日报 (完整版)
2025-06-09 13:07:31,898 - EmailSystemTest - INFO - 
🚀 如何启动定时任务:
2025-06-09 13:07:31,898 - EmailSystemTest - INFO - 方法1: 直接运行此测试脚本并保持运行
2025-06-09 13:07:31,899 - EmailSystemTest - INFO - 方法2: 运行 monitor/smart_daily_email_sender.py
2025-06-09 13:07:31,899 - EmailSystemTest - INFO - 方法3: 在您的代码中导入并使用 SmartDailyEmailSender
2025-06-09 13:07:31,900 - EmailSystemTest - ERROR - ❌ 启动定时任务失败: Logger._log() got an unexpected keyword argument 'end'
